Archive member included to satisfy reference by file (symbol)

C:/ST/STM32CubeIDE_1.18.1/STM32CubeIDE/plugins/com.st.stm32cube.ide.mcu.externaltools.gnu-tools-for-stm32.13.3.rel1.win32_1.0.0.202411081344/tools/bin/../lib/gcc/arm-none-eabi/13.3.1/../../../../arm-none-eabi/lib/thumb/v7-m/nofp\libc_nano.a(libc_a-exit.o)
                              C:/ST/STM32CubeIDE_1.18.1/STM32CubeIDE/plugins/com.st.stm32cube.ide.mcu.externaltools.gnu-tools-for-stm32.13.3.rel1.win32_1.0.0.202411081344/tools/bin/../lib/gcc/arm-none-eabi/13.3.1/../../../../arm-none-eabi/lib/thumb/v7-m/nofp/crt0.o (exit)
C:/ST/STM32CubeIDE_1.18.1/STM32CubeIDE/plugins/com.st.stm32cube.ide.mcu.externaltools.gnu-tools-for-stm32.13.3.rel1.win32_1.0.0.202411081344/tools/bin/../lib/gcc/arm-none-eabi/13.3.1/../../../../arm-none-eabi/lib/thumb/v7-m/nofp\libc_nano.a(libc_a-findfp.o)
                              C:/ST/STM32CubeIDE_1.18.1/STM32CubeIDE/plugins/com.st.stm32cube.ide.mcu.externaltools.gnu-tools-for-stm32.13.3.rel1.win32_1.0.0.202411081344/tools/bin/../lib/gcc/arm-none-eabi/13.3.1/../../../../arm-none-eabi/lib/thumb/v7-m/nofp\libc_nano.a(libc_a-exit.o) (__stdio_exit_handler)
C:/ST/STM32CubeIDE_1.18.1/STM32CubeIDE/plugins/com.st.stm32cube.ide.mcu.externaltools.gnu-tools-for-stm32.13.3.rel1.win32_1.0.0.202411081344/tools/bin/../lib/gcc/arm-none-eabi/13.3.1/../../../../arm-none-eabi/lib/thumb/v7-m/nofp\libc_nano.a(libc_a-fwalk.o)
                              C:/ST/STM32CubeIDE_1.18.1/STM32CubeIDE/plugins/com.st.stm32cube.ide.mcu.externaltools.gnu-tools-for-stm32.13.3.rel1.win32_1.0.0.202411081344/tools/bin/../lib/gcc/arm-none-eabi/13.3.1/../../../../arm-none-eabi/lib/thumb/v7-m/nofp\libc_nano.a(libc_a-findfp.o) (_fwalk_sglue)
C:/ST/STM32CubeIDE_1.18.1/STM32CubeIDE/plugins/com.st.stm32cube.ide.mcu.externaltools.gnu-tools-for-stm32.13.3.rel1.win32_1.0.0.202411081344/tools/bin/../lib/gcc/arm-none-eabi/13.3.1/../../../../arm-none-eabi/lib/thumb/v7-m/nofp\libc_nano.a(libc_a-stdio.o)
                              C:/ST/STM32CubeIDE_1.18.1/STM32CubeIDE/plugins/com.st.stm32cube.ide.mcu.externaltools.gnu-tools-for-stm32.13.3.rel1.win32_1.0.0.202411081344/tools/bin/../lib/gcc/arm-none-eabi/13.3.1/../../../../arm-none-eabi/lib/thumb/v7-m/nofp\libc_nano.a(libc_a-findfp.o) (__sread)
C:/ST/STM32CubeIDE_1.18.1/STM32CubeIDE/plugins/com.st.stm32cube.ide.mcu.externaltools.gnu-tools-for-stm32.13.3.rel1.win32_1.0.0.202411081344/tools/bin/../lib/gcc/arm-none-eabi/13.3.1/../../../../arm-none-eabi/lib/thumb/v7-m/nofp\libc_nano.a(libc_a-memcmp.o)
                              ./Core/Src/main.o (memcmp)
C:/ST/STM32CubeIDE_1.18.1/STM32CubeIDE/plugins/com.st.stm32cube.ide.mcu.externaltools.gnu-tools-for-stm32.13.3.rel1.win32_1.0.0.202411081344/tools/bin/../lib/gcc/arm-none-eabi/13.3.1/../../../../arm-none-eabi/lib/thumb/v7-m/nofp\libc_nano.a(libc_a-memset.o)
                              C:/ST/STM32CubeIDE_1.18.1/STM32CubeIDE/plugins/com.st.stm32cube.ide.mcu.externaltools.gnu-tools-for-stm32.13.3.rel1.win32_1.0.0.202411081344/tools/bin/../lib/gcc/arm-none-eabi/13.3.1/../../../../arm-none-eabi/lib/thumb/v7-m/nofp/crt0.o (memset)
C:/ST/STM32CubeIDE_1.18.1/STM32CubeIDE/plugins/com.st.stm32cube.ide.mcu.externaltools.gnu-tools-for-stm32.13.3.rel1.win32_1.0.0.202411081344/tools/bin/../lib/gcc/arm-none-eabi/13.3.1/../../../../arm-none-eabi/lib/thumb/v7-m/nofp\libc_nano.a(libc_a-closer.o)
                              C:/ST/STM32CubeIDE_1.18.1/STM32CubeIDE/plugins/com.st.stm32cube.ide.mcu.externaltools.gnu-tools-for-stm32.13.3.rel1.win32_1.0.0.202411081344/tools/bin/../lib/gcc/arm-none-eabi/13.3.1/../../../../arm-none-eabi/lib/thumb/v7-m/nofp\libc_nano.a(libc_a-stdio.o) (_close_r)
C:/ST/STM32CubeIDE_1.18.1/STM32CubeIDE/plugins/com.st.stm32cube.ide.mcu.externaltools.gnu-tools-for-stm32.13.3.rel1.win32_1.0.0.202411081344/tools/bin/../lib/gcc/arm-none-eabi/13.3.1/../../../../arm-none-eabi/lib/thumb/v7-m/nofp\libc_nano.a(libc_a-reent.o)
                              C:/ST/STM32CubeIDE_1.18.1/STM32CubeIDE/plugins/com.st.stm32cube.ide.mcu.externaltools.gnu-tools-for-stm32.13.3.rel1.win32_1.0.0.202411081344/tools/bin/../lib/gcc/arm-none-eabi/13.3.1/../../../../arm-none-eabi/lib/thumb/v7-m/nofp\libc_nano.a(libc_a-closer.o) (errno)
C:/ST/STM32CubeIDE_1.18.1/STM32CubeIDE/plugins/com.st.stm32cube.ide.mcu.externaltools.gnu-tools-for-stm32.13.3.rel1.win32_1.0.0.202411081344/tools/bin/../lib/gcc/arm-none-eabi/13.3.1/../../../../arm-none-eabi/lib/thumb/v7-m/nofp\libc_nano.a(libc_a-impure.o)
                              C:/ST/STM32CubeIDE_1.18.1/STM32CubeIDE/plugins/com.st.stm32cube.ide.mcu.externaltools.gnu-tools-for-stm32.13.3.rel1.win32_1.0.0.202411081344/tools/bin/../lib/gcc/arm-none-eabi/13.3.1/../../../../arm-none-eabi/lib/thumb/v7-m/nofp\libc_nano.a(libc_a-reent.o) (_impure_ptr)
[...]
Memory Configuration

Name             Origin             Length             Attributes
RAM              0x20000000         0x0000c000         xrw
FLASH            0x08000000         0x00040000         xr
*default*        0x00000000         0xffffffff

Linker script and memory map

LOAD C:/ST/STM32CubeIDE_1.18.1/STM32CubeIDE/plugins/com.st.stm32cube.ide.mcu.externaltools.gnu-tools-for-stm32.13.3.rel1.win32_1.0.0.202411081344/tools/bin/../lib/gcc/arm-none-eabi/13.3.1/thumb/v7-m/nofp/crti.o
LOAD C:/ST/STM32CubeIDE_1.18.1/STM32CubeIDE/plugins/com.st.stm32cube.ide.mcu.externaltools.gnu-tools-for-stm32.13.3.rel1.win32_1.0.0.202411081344/tools/bin/../lib/gcc/arm-none-eabi/13.3.1/thumb/v7-m/nofp/crtbegin.o
LOAD C:/ST/STM32CubeIDE_1.18.1/STM32CubeIDE/plugins/com.st.stm32cube.ide.mcu.externaltools.gnu-tools-for-stm32.13.3.rel1.win32_1.0.0.202411081344/tools/bin/../lib/gcc/arm-none-eabi/13.3.1/../../../../arm-none-eabi/lib/thumb/v7-m/nofp/crt0.o
LOAD ./Core/Src/main.o
LOAD ./Core/Src/stm32f1xx_hal_msp.o
LOAD ./Core/Src/stm32f1xx_it.o
LOAD ./Core/Src/syscalls.o
LOAD ./Core/Src/sysmem.o
LOAD ./Core/Src/system_stm32f1xx.o
LOAD ./Core/Startup/startup_stm32f103rctx.o
LOAD ./Drivers/STM32F1xx_HAL_Driver/Src/stm32f1xx_hal.o
LOAD ./Drivers/STM32F1xx_HAL_Driver/Src/stm32f1xx_hal_cortex.o
LOAD ./Drivers/STM32F1xx_HAL_Driver/Src/stm32f1xx_hal_dma.o
LOAD ./Drivers/STM32F1xx_HAL_Driver/Src/stm32f1xx_hal_exti.o
LOAD ./Drivers/STM32F1xx_HAL_Driver/Src/stm32f1xx_hal_flash.o
LOAD ./Drivers/STM32F1xx_HAL_Driver/Src/stm32f1xx_hal_flash_ex.o
LOAD ./Drivers/STM32F1xx_HAL_Driver/Src/stm32f1xx_hal_gpio.o
LOAD ./Drivers/STM32F1xx_HAL_Driver/Src/stm32f1xx_hal_gpio_ex.o
LOAD ./Drivers/STM32F1xx_HAL_Driver/Src/stm32f1xx_hal_pcd.o
LOAD ./Drivers/STM32F1xx_HAL_Driver/Src/stm32f1xx_hal_pcd_ex.o
LOAD ./Drivers/STM32F1xx_HAL_Driver/Src/stm32f1xx_hal_pwr.o
LOAD ./Drivers/STM32F1xx_HAL_Driver/Src/stm32f1xx_hal_rcc.o
LOAD ./Drivers/STM32F1xx_HAL_Driver/Src/stm32f1xx_hal_rcc_ex.o
LOAD ./Drivers/STM32F1xx_HAL_Driver/Src/stm32f1xx_hal_tim.o
LOAD ./Drivers/STM32F1xx_HAL_Driver/Src/stm32f1xx_hal_tim_ex.o
LOAD ./Drivers/STM32F1xx_HAL_Driver/Src/stm32f1xx_ll_usb.o
LOAD ./Middlewares/ST/STM32_USB_Device_Library/Class/CDC/Src/usbd_cdc.o
LOAD ./Middlewares/ST/STM32_USB_Device_Library/Core/Src/usbd_core.o
LOAD ./Middlewares/ST/STM32_USB_Device_Library/Core/Src/usbd_ctlreq.o
LOAD ./Middlewares/ST/STM32_USB_Device_Library/Core/Src/usbd_ioreq.o
LOAD ./USB_DEVICE/App/usb_device.o
LOAD ./USB_DEVICE/App/usbd_cdc_if.o
LOAD ./USB_DEVICE/App/usbd_desc.o
LOAD ./USB_DEVICE/Target/usbd_conf.o
START GROUP
LOAD C:/ST/STM32CubeIDE_1.18.1/STM32CubeIDE/plugins/com.st.stm32cube.ide.mcu.externaltools.gnu-tools-for-stm32.13.3.rel1.win32_1.0.0.202411081344/tools/bin/../lib/gcc/arm-none-eabi/13.3.1/../../../../arm-none-eabi/lib/thumb/v7-m/nofp\libc_nano.a
LOAD C:/ST/STM32CubeIDE_1.18.1/STM32CubeIDE/plugins/com.st.stm32cube.ide.mcu.externaltools.gnu-tools-for-stm32.13.3.rel1.win32_1.0.0.202411081344/tools/bin/../lib/gcc/arm-none-eabi/13.3.1/../../../../arm-none-eabi/lib/thumb/v7-m/nofp\libm.a
END GROUP
START GROUP
LOAD C:/ST/STM32CubeIDE_1.18.1/STM32CubeIDE/plugins/com.st.stm32cube.ide.mcu.externaltools.gnu-tools-for-stm32.13.3.rel1.win32_1.0.0.202411081344/tools/bin/../lib/gcc/arm-none-eabi/13.3.1/thumb/v7-m/nofp\libgcc.a
LOAD C:/ST/STM32CubeIDE_1.18.1/STM32CubeIDE/plugins/com.st.stm32cube.ide.mcu.externaltools.gnu-tools-for-stm32.13.3.rel1.win32_1.0.0.202411081344/tools/bin/../lib/gcc/arm-none-eabi/13.3.1/../../../../arm-none-eabi/lib/thumb/v7-m/nofp\libc_nano.a
END GROUP
START GROUP
LOAD C:/ST/STM32CubeIDE_1.18.1/STM32CubeIDE/plugins/com.st.stm32cube.ide.mcu.externaltools.gnu-tools-for-stm32.13.3.rel1.win32_1.0.0.202411081344/tools/bin/../lib/gcc/arm-none-eabi/13.3.1/thumb/v7-m/nofp\libgcc.a
LOAD C:/ST/STM32CubeIDE_1.18.1/STM32CubeIDE/plugins/com.st.stm32cube.ide.mcu.externaltools.gnu-tools-for-stm32.13.3.rel1.win32_1.0.0.202411081344/tools/bin/../lib/gcc/arm-none-eabi/13.3.1/../../../../arm-none-eabi/lib/thumb/v7-m/nofp\libc_nano.a
LOAD C:/ST/STM32CubeIDE_1.18.1/STM32CubeIDE/plugins/com.st.stm32cube.ide.mcu.externaltools.gnu-tools-for-stm32.13.3.rel1.win32_1.0.0.202411081344/tools/bin/../lib/gcc/arm-none-eabi/13.3.1/../../../../arm-none-eabi/lib/thumb/v7-m/nofp\libnosys.a
END GROUP
START GROUP
LOAD C:/ST/STM32CubeIDE_1.18.1/STM32CubeIDE/plugins/com.st.stm32cube.ide.mcu.externaltools.gnu-tools-for-stm32.13.3.rel1.win32_1.0.0.202411081344/tools/bin/../lib/gcc/arm-none-eabi/13.3.1/thumb/v7-m/nofp\libgcc.a
LOAD C:/ST/STM32CubeIDE_1.18.1/STM32CubeIDE/plugins/com.st.stm32cube.ide.mcu.externaltools.gnu-tools-for-stm32.13.3.rel1.win32_1.0.0.202411081344/tools/bin/../lib/gcc/arm-none-eabi/13.3.1/../../../../arm-none-eabi/lib/thumb/v7-m/nofp\libc_nano.a
LOAD C:/ST/STM32CubeIDE_1.18.1/STM32CubeIDE/plugins/com.st.stm32cube.ide.mcu.externaltools.gnu-tools-for-stm32.13.3.rel1.win32_1.0.0.202411081344/tools/bin/../lib/gcc/arm-none-eabi/13.3.1/../../../../arm-none-eabi/lib/thumb/v7-m/nofp\libnosys.a
END GROUP
LOAD C:/ST/STM32CubeIDE_1.18.1/STM32CubeIDE/plugins/com.st.stm32cube.ide.mcu.externaltools.gnu-tools-for-stm32.13.3.rel1.win32_1.0.0.202411081344/tools/bin/../lib/gcc/arm-none-eabi/13.3.1/thumb/v7-m/nofp/crtend.o
LOAD C:/ST/STM32CubeIDE_1.18.1/STM32CubeIDE/plugins/com.st.stm32cube.ide.mcu.externaltools.gnu-tools-for-stm32.13.3.rel1.win32_1.0.0.202411081344/tools/bin/../lib/gcc/arm-none-eabi/13.3.1/thumb/v7-m/nofp/crtn.o
                0x2000c000                        _estack = (ORIGIN (RAM) + LENGTH (RAM))
                0x00000200                        _Min_Heap_Size = 0x200
                0x00000400                        _Min_Stack_Size = 0x400

.isr_vector     0x08000000      0x1e4
                0x08000000                        . = ALIGN (0x4)
 *(.isr_vector)
 .isr_vector    0x08000000      0x1e4 ./Core/Startup/startup_stm32f103rctx.o
                0x08000000                g_pfnVectors
                0x080001e4                        . = ALIGN (0x4)

.text           0x080001e4     0x86e0
                0x080001e4                        . = ALIGN (0x4)
 *(.text)
 .text          0x080001e4       0x40 C:/ST/STM32CubeIDE_1.18.1/STM32CubeIDE/plugins/com.st.stm32cube.ide.mcu.externaltools.gnu-tools-for-stm32.13.3.rel1.win32_1.0.0.202411081344/tools/bin/../lib/gcc/arm-none-eabi/13.3.1/thumb/v7-m/nofp/crtbegin.o
 *(.text*)
 .text.Stepper_Enable
                0x08000224       0x20 ./Core/Src/main.o
 .text.Stepper_Set_Direction
                0x08000244       0x38 ./Core/Src/main.o
 .text.Stepper_Set_Speed
                0x0800027c       0x68 ./Core/Src/main.o
 .text.Stepper_Start
                0x080002e4       0x20 ./Core/Src/main.o
 .text.main     0x08000304       0xc0 ./Core/Src/main.o
                0x08000304                main
 .text.SystemClock_Config
                0x080003c4       0xb8 ./Core/Src/main.o
                0x080003c4                SystemClock_Config
 .text.MX_TIM4_Init
                0x0800047c       0xf0 ./Core/Src/main.o
 .text.MX_TIM8_Init
                0x0800056c      0x170 ./Core/Src/main.o
 .text.MX_GPIO_Init
                0x080006dc       0xdc ./Core/Src/main.o
 .text.Error_Handler
                0x080007b8        0xc ./Core/Src/main.o
                0x080007b8                Error_Handler
 .text.HAL_MspInit
                0x080007c4       0x64 ./Core/Src/stm32f1xx_hal_msp.o
                0x080007c4                HAL_MspInit
 .text.HAL_TIM_Base_MspInit
                0x08000828       0x64 ./Core/Src/stm32f1xx_hal_msp.o
                0x08000828                HAL_TIM_Base_MspInit
 .text.HAL_TIM_MspPostInit
                0x0800088c       0xac ./Core/Src/stm32f1xx_hal_msp.o
                0x0800088c                HAL_TIM_MspPostInit
 .text.NMI_Handler
                0x08000938        0x8 ./Core/Src/stm32f1xx_it.o
                0x08000938                NMI_Handler
 .text.HardFault_Handler
                0x08000940        0x8 ./Core/Src/stm32f1xx_it.o
                0x08000940                HardFault_Handler
 .text.MemManage_Handler
                0x08000948        0x8 ./Core/Src/stm32f1xx_it.o
                0x08000948                MemManage_Handler
 .text.BusFault_Handler
                0x08000950        0x8 ./Core/Src/stm32f1xx_it.o
                0x08000950                BusFault_Handler
 .text.UsageFault_Handler
                0x08000958        0x8 ./Core/Src/stm32f1xx_it.o
                0x08000958                UsageFault_Handler
 .text.SVC_Handler
                0x08000960        0xc ./Core/Src/stm32f1xx_it.o
                0x08000960                SVC_Handler
 .text.DebugMon_Handler
                0x0800096c        0xc ./Core/Src/stm32f1xx_it.o
                0x0800096c                DebugMon_Handler
 .text.PendSV_Handler
                0x08000978        0xc ./Core/Src/stm32f1xx_it.o
                0x08000978                PendSV_Handler
 .text.SysTick_Handler
                0x08000984        0xc ./Core/Src/stm32f1xx_it.o
                0x08000984                SysTick_Handler
 .text.USB_LP_CAN1_RX0_IRQHandler
                0x08000990       0x14 ./Core/Src/stm32f1xx_it.o
                0x08000990                USB_LP_CAN1_RX0_IRQHandler
 .text.SystemInit
                0x080009a4        0xc ./Core/Src/system_stm32f1xx.o
                0x080009a4                SystemInit
 .text.Reset_Handler
                0x080009b0       0x48 ./Core/Startup/startup_stm32f103rctx.o
                0x080009b0                Reset_Handler
 .text.Default_Handler
                0x080009f8        0x2 ./Core/Startup/startup_stm32f103rctx.o
                0x080009f8                RTC_Alarm_IRQHandler
                0x080009f8                EXTI2_IRQHandler
                0x080009f8                TIM8_TRG_COM_IRQHandler
                0x080009f8                TIM8_CC_IRQHandler
                0x080009f8                TIM1_CC_IRQHandler
                0x080009f8                TIM6_IRQHandler
                0x080009f8                PVD_IRQHandler
                0x080009f8                SDIO_IRQHandler
                0x080009f8                EXTI3_IRQHandler
                0x080009f8                EXTI0_IRQHandler
                0x080009f8                I2C2_EV_IRQHandler
                0x080009f8                ADC1_2_IRQHandler
                0x080009f8                SPI1_IRQHandler
                0x080009f8                TAMPER_IRQHandler
                0x080009f8                TIM8_UP_IRQHandler
                0x080009f8                DMA2_Channel2_IRQHandler
                0x080009f8                DMA1_Channel4_IRQHandler
                0x080009f8                USART3_IRQHandler
                0x080009f8                RTC_IRQHandler
                0x080009f8                DMA1_Channel7_IRQHandler
                0x080009f8                CAN1_RX1_IRQHandler
                0x080009f8                UART5_IRQHandler
                0x080009f8                ADC3_IRQHandler
                0x080009f8                TIM4_IRQHandler
                0x080009f8                DMA2_Channel1_IRQHandler
                0x080009f8                I2C1_EV_IRQHandler
                0x080009f8                DMA1_Channel6_IRQHandler
                0x080009f8                UART4_IRQHandler
                0x080009f8                TIM3_IRQHandler
                0x080009f8                RCC_IRQHandler
                0x080009f8                TIM1_TRG_COM_IRQHandler
                0x080009f8                DMA1_Channel1_IRQHandler
                0x080009f8                Default_Handler
                0x080009f8                EXTI15_10_IRQHandler
                0x080009f8                TIM7_IRQHandler
                0x080009f8                TIM5_IRQHandler
                0x080009f8                EXTI9_5_IRQHandler
                0x080009f8                SPI2_IRQHandler
                0x080009f8                DMA1_Channel5_IRQHandler
                0x080009f8                EXTI4_IRQHandler
                0x080009f8                USB_HP_CAN1_TX_IRQHandler
                0x080009f8                DMA1_Channel3_IRQHandler
                0x080009f8                FSMC_IRQHandler
                0x080009f8                TIM1_UP_IRQHandler
                0x080009f8                WWDG_IRQHandler
                0x080009f8                TIM2_IRQHandler
                0x080009f8                TIM1_BRK_IRQHandler
                0x080009f8                EXTI1_IRQHandler
                0x080009f8                DMA2_Channel4_5_IRQHandler
                0x080009f8                USART2_IRQHandler
                0x080009f8                I2C2_ER_IRQHandler
                0x080009f8                DMA1_Channel2_IRQHandler
                0x080009f8                TIM8_BRK_IRQHandler
                0x080009f8                CAN1_SCE_IRQHandler
                0x080009f8                FLASH_IRQHandler
                0x080009f8                USART1_IRQHandler
                0x080009f8                SPI3_IRQHandler
                0x080009f8                I2C1_ER_IRQHandler
                0x080009f8                USBWakeUp_IRQHandler
                0x080009f8                DMA2_Channel3_IRQHandler
 *fill*         0x080009fa        0x2 
 .text.HAL_Init
                0x080009fc       0x2c ./Drivers/STM32F1xx_HAL_Driver/Src/stm32f1xx_hal.o
                0x080009fc                HAL_Init
 .text.HAL_InitTick
                0x08000a28       0x60 ./Drivers/STM32F1xx_HAL_Driver/Src/stm32f1xx_hal.o
                0x08000a28                HAL_InitTick
 .text.HAL_IncTick
                0x08000a88       0x24 ./Drivers/STM32F1xx_HAL_Driver/Src/stm32f1xx_hal.o
                0x08000a88                HAL_IncTick
 .text.HAL_GetTick
                0x08000aac       0x14 ./Drivers/STM32F1xx_HAL_Driver/Src/stm32f1xx_hal.o
                0x08000aac                HAL_GetTick
 .text.HAL_Delay
                0x08000ac0       0x48 ./Drivers/STM32F1xx_HAL_Driver/Src/stm32f1xx_hal.o
                0x08000ac0                HAL_Delay
 .text.__NVIC_SetPriorityGrouping
                0x08000b08       0x48 ./Drivers/STM32F1xx_HAL_Driver/Src/stm32f1xx_hal_cortex.o
 .text.__NVIC_GetPriorityGrouping
                0x08000b50       0x1c ./Drivers/STM32F1xx_HAL_Driver/Src/stm32f1xx_hal_cortex.o
 .text.__NVIC_EnableIRQ
                0x08000b6c       0x38 ./Drivers/STM32F1xx_HAL_Driver/Src/stm32f1xx_hal_cortex.o
 .text.__NVIC_SetPriority
                0x08000ba4       0x54 ./Drivers/STM32F1xx_HAL_Driver/Src/stm32f1xx_hal_cortex.o
 .text.NVIC_EncodePriority
                0x08000bf8       0x64 ./Drivers/STM32F1xx_HAL_Driver/Src/stm32f1xx_hal_cortex.o
 .text.SysTick_Config
                0x08000c5c       0x44 ./Drivers/STM32F1xx_HAL_Driver/Src/stm32f1xx_hal_cortex.o
 .text.HAL_NVIC_SetPriorityGrouping
                0x08000ca0       0x16 ./Drivers/STM32F1xx_HAL_Driver/Src/stm32f1xx_hal_cortex.o
                0x08000ca0                HAL_NVIC_SetPriorityGrouping
 .text.HAL_NVIC_SetPriority
                0x08000cb6       0x38 ./Drivers/STM32F1xx_HAL_Driver/Src/stm32f1xx_hal_cortex.o
                0x08000cb6                HAL_NVIC_SetPriority
 .text.HAL_NVIC_EnableIRQ
                0x08000cee       0x1c ./Drivers/STM32F1xx_HAL_Driver/Src/stm32f1xx_hal_cortex.o
                0x08000cee                HAL_NVIC_EnableIRQ
 .text.HAL_SYSTICK_Config
                0x08000d0a       0x18 ./Drivers/STM32F1xx_HAL_Driver/Src/stm32f1xx_hal_cortex.o
                0x08000d0a                HAL_SYSTICK_Config
 *fill*         0x08000d22        0x2 
 .text.HAL_GPIO_Init
                0x08000d24      0x328 ./Drivers/STM32F1xx_HAL_Driver/Src/stm32f1xx_hal_gpio.o
                0x08000d24                HAL_GPIO_Init
 .text.HAL_GPIO_WritePin
                0x0800104c       0x30 ./Drivers/STM32F1xx_HAL_Driver/Src/stm32f1xx_hal_gpio.o
                0x0800104c                HAL_GPIO_WritePin
 .text.HAL_GPIO_TogglePin
                0x0800107c       0x32 ./Drivers/STM32F1xx_HAL_Driver/Src/stm32f1xx_hal_gpio.o
                0x0800107c                HAL_GPIO_TogglePin
 .text.HAL_PCD_Init
                0x080010ae      0x1ec ./Drivers/STM32F1xx_HAL_Driver/Src/stm32f1xx_hal_pcd.o
                0x080010ae                HAL_PCD_Init
 .text.HAL_PCD_Start
                0x0800129a       0x4c ./Drivers/STM32F1xx_HAL_Driver/Src/stm32f1xx_hal_pcd.o
                0x0800129a                HAL_PCD_Start
 .text.HAL_PCD_IRQHandler
                0x080012e6      0x260 ./Drivers/STM32F1xx_HAL_Driver/Src/stm32f1xx_hal_pcd.o
                0x080012e6                HAL_PCD_IRQHandler
 .text.HAL_PCD_SetAddress
                0x08001546       0x48 ./Drivers/STM32F1xx_HAL_Driver/Src/stm32f1xx_hal_pcd.o
                0x08001546                HAL_PCD_SetAddress
 .text.HAL_PCD_EP_Open
                0x0800158e       0xba ./Drivers/STM32F1xx_HAL_Driver/Src/stm32f1xx_hal_pcd.o
                0x0800158e                HAL_PCD_EP_Open
 .text.HAL_PCD_EP_Close
                0x08001648       0x90 ./Drivers/STM32F1xx_HAL_Driver/Src/stm32f1xx_hal_pcd.o
                0x08001648                HAL_PCD_EP_Close
 .text.HAL_PCD_EP_Receive
                0x080016d8       0x62 ./Drivers/STM32F1xx_HAL_Driver/Src/stm32f1xx_hal_pcd.o
                0x080016d8                HAL_PCD_EP_Receive
 .text.HAL_PCD_EP_GetRxCount
                0x0800173a       0x2e ./Drivers/STM32F1xx_HAL_Driver/Src/stm32f1xx_hal_pcd.o
                0x0800173a                HAL_PCD_EP_GetRxCount
 .text.HAL_PCD_EP_Transmit
                0x08001768       0x6e ./Drivers/STM32F1xx_HAL_Driver/Src/stm32f1xx_hal_pcd.o
                0x08001768                HAL_PCD_EP_Transmit
 .text.HAL_PCD_EP_SetStall
                0x080017d6       0xc0 ./Drivers/STM32F1xx_HAL_Driver/Src/stm32f1xx_hal_pcd.o
                0x080017d6                HAL_PCD_EP_SetStall
 .text.HAL_PCD_EP_ClrStall
                0x08001896       0xa8 ./Drivers/STM32F1xx_HAL_Driver/Src/stm32f1xx_hal_pcd.o
                0x08001896                HAL_PCD_EP_ClrStall
 .text.PCD_EP_ISR_Handler
                0x0800193e      0x79e ./Drivers/STM32F1xx_HAL_Driver/Src/stm32f1xx_hal_pcd.o
 .text.HAL_PCD_EP_DB_Receive
                0x080020dc      0x21a ./Drivers/STM32F1xx_HAL_Driver/Src/stm32f1xx_hal_pcd.o
 .text.HAL_PCD_EP_DB_Transmit
                0x080022f6      0x7f4 ./Drivers/STM32F1xx_HAL_Driver/Src/stm32f1xx_hal_pcd.o
 .text.HAL_PCDEx_PMAConfig
                0x08002aea       0x84 ./Drivers/STM32F1xx_HAL_Driver/Src/stm32f1xx_hal_pcd_ex.o
                0x08002aea                HAL_PCDEx_PMAConfig
 *fill*         0x08002b6e        0x2 
 .text.HAL_RCC_OscConfig
                0x08002b70      0x504 ./Drivers/STM32F1xx_HAL_Driver/Src/stm32f1xx_hal_rcc.o
                0x08002b70                HAL_RCC_OscConfig
 .text.HAL_RCC_ClockConfig
                0x08003074      0x1d4 ./Drivers/STM32F1xx_HAL_Driver/Src/stm32f1xx_hal_rcc.o
                0x08003074                HAL_RCC_ClockConfig
 .text.HAL_RCC_GetSysClockFreq
                0x08003248       0xa8 ./Drivers/STM32F1xx_HAL_Driver/Src/stm32f1xx_hal_rcc.o
                0x08003248                HAL_RCC_GetSysClockFreq
 .text.RCC_Delay
                0x080032f0       0x3c ./Drivers/STM32F1xx_HAL_Driver/Src/stm32f1xx_hal_rcc.o
 .text.HAL_RCCEx_PeriphCLKConfig
                0x0800332c      0x16c ./Drivers/STM32F1xx_HAL_Driver/Src/stm32f1xx_hal_rcc_ex.o
                0x0800332c                HAL_RCCEx_PeriphCLKConfig
 .text.HAL_TIM_Base_Init
                0x08003498       0x9e ./Drivers/STM32F1xx_HAL_Driver/Src/stm32f1xx_hal_tim.o
                0x08003498                HAL_TIM_Base_Init
 .text.HAL_TIM_PWM_Init
                0x08003536       0x9e ./Drivers/STM32F1xx_HAL_Driver/Src/stm32f1xx_hal_tim.o
                0x08003536                HAL_TIM_PWM_Init
 .text.HAL_TIM_PWM_MspInit
                0x080035d4       0x12 ./Drivers/STM32F1xx_HAL_Driver/Src/stm32f1xx_hal_tim.o
                0x080035d4                HAL_TIM_PWM_MspInit
 *fill*         0x080035e6        0x2 
 .text.HAL_TIM_PWM_Start
                0x080035e8      0x174 ./Drivers/STM32F1xx_HAL_Driver/Src/stm32f1xx_hal_tim.o
                0x080035e8                HAL_TIM_PWM_Start
 .text.HAL_TIM_PWM_ConfigChannel
                0x0800375c      0x184 ./Drivers/STM32F1xx_HAL_Driver/Src/stm32f1xx_hal_tim.o
                0x0800375c                HAL_TIM_PWM_ConfigChannel
 .text.HAL_TIM_ConfigClockSource
                0x080038e0      0x18e ./Drivers/STM32F1xx_HAL_Driver/Src/stm32f1xx_hal_tim.o
                0x080038e0                HAL_TIM_ConfigClockSource
 *fill*         0x08003a6e        0x2 
 .text.TIM_Base_SetConfig
                0x08003a70      0x10c ./Drivers/STM32F1xx_HAL_Driver/Src/stm32f1xx_hal_tim.o
                0x08003a70                TIM_Base_SetConfig
 .text.TIM_OC1_SetConfig
                0x08003b7c       0xe0 ./Drivers/STM32F1xx_HAL_Driver/Src/stm32f1xx_hal_tim.o
 .text.TIM_OC2_SetConfig
                0x08003c5c       0xe8 ./Drivers/STM32F1xx_HAL_Driver/Src/stm32f1xx_hal_tim.o
                0x08003c5c                TIM_OC2_SetConfig
 .text.TIM_OC3_SetConfig
                0x08003d44       0xe8 ./Drivers/STM32F1xx_HAL_Driver/Src/stm32f1xx_hal_tim.o
 .text.TIM_OC4_SetConfig
                0x08003e2c       0xa8 ./Drivers/STM32F1xx_HAL_Driver/Src/stm32f1xx_hal_tim.o
 .text.TIM_TI1_ConfigInputStage
                0x08003ed4       0x5c ./Drivers/STM32F1xx_HAL_Driver/Src/stm32f1xx_hal_tim.o
 .text.TIM_TI2_ConfigInputStage
                0x08003f30       0x5e ./Drivers/STM32F1xx_HAL_Driver/Src/stm32f1xx_hal_tim.o
 .text.TIM_ITRx_SetConfig
                0x08003f8e       0x34 ./Drivers/STM32F1xx_HAL_Driver/Src/stm32f1xx_hal_tim.o
 .text.TIM_ETR_SetConfig
                0x08003fc2       0x3e ./Drivers/STM32F1xx_HAL_Driver/Src/stm32f1xx_hal_tim.o
                0x08003fc2                TIM_ETR_SetConfig
 .text.TIM_CCxChannelCmd
                0x08004000       0x48 ./Drivers/STM32F1xx_HAL_Driver/Src/stm32f1xx_hal_tim.o
                0x08004000                TIM_CCxChannelCmd
 .text.HAL_TIMEx_MasterConfigSynchronization
                0x08004048       0xd8 ./Drivers/STM32F1xx_HAL_Driver/Src/stm32f1xx_hal_tim_ex.o
                0x08004048                HAL_TIMEx_MasterConfigSynchronization
 .text.HAL_TIMEx_ConfigBreakDeadTime
                0x08004120       0xa2 ./Drivers/STM32F1xx_HAL_Driver/Src/stm32f1xx_hal_tim_ex.o
                0x08004120                HAL_TIMEx_ConfigBreakDeadTime
 .text.USB_CoreInit
                0x080041c2       0x1a ./Drivers/STM32F1xx_HAL_Driver/Src/stm32f1xx_ll_usb.o
                0x080041c2                USB_CoreInit
 .text.USB_EnableGlobalInt
                0x080041dc       0x2c ./Drivers/STM32F1xx_HAL_Driver/Src/stm32f1xx_ll_usb.o
                0x080041dc                USB_EnableGlobalInt
 .text.USB_DisableGlobalInt
                0x08004208       0x34 ./Drivers/STM32F1xx_HAL_Driver/Src/stm32f1xx_ll_usb.o
                0x08004208                USB_DisableGlobalInt
 .text.USB_SetCurrentMode
                0x0800423c       0x18 ./Drivers/STM32F1xx_HAL_Driver/Src/stm32f1xx_ll_usb.o
                0x0800423c                USB_SetCurrentMode
 .text.USB_DevInit
                0x08004254       0x3a ./Drivers/STM32F1xx_HAL_Driver/Src/stm32f1xx_ll_usb.o
                0x08004254                USB_DevInit
 *fill*         0x0800428e        0x2 
 .text.USB_ActivateEndpoint
                0x08004290      0x780 ./Drivers/STM32F1xx_HAL_Driver/Src/stm32f1xx_ll_usb.o
                0x08004290                USB_ActivateEndpoint
 .text.USB_DeactivateEndpoint
                0x08004a10      0x3d8 ./Drivers/STM32F1xx_HAL_Driver/Src/stm32f1xx_ll_usb.o
                0x08004a10                USB_DeactivateEndpoint
 .text.USB_EPStartXfer
                0x08004de8     0x1762 ./Drivers/STM32F1xx_HAL_Driver/Src/stm32f1xx_ll_usb.o
                0x08004de8                USB_EPStartXfer
 .text.USB_EPSetStall
                0x0800654a       0xa0 ./Drivers/STM32F1xx_HAL_Driver/Src/stm32f1xx_ll_usb.o
                0x0800654a                USB_EPSetStall
 .text.USB_EPClearStall
                0x080065ea      0x15a ./Drivers/STM32F1xx_HAL_Driver/Src/stm32f1xx_ll_usb.o
                0x080065ea                USB_EPClearStall
 .text.USB_SetDevAddress
                0x08006744       0x26 ./Drivers/STM32F1xx_HAL_Driver/Src/stm32f1xx_ll_usb.o
                0x08006744                USB_SetDevAddress
 .text.USB_DevConnect
                0x0800676a       0x14 ./Drivers/STM32F1xx_HAL_Driver/Src/stm32f1xx_ll_usb.o
                0x0800676a                USB_DevConnect
 .text.USB_DevDisconnect
                0x0800677e       0x14 ./Drivers/STM32F1xx_HAL_Driver/Src/stm32f1xx_ll_usb.o
                0x0800677e                USB_DevDisconnect
 .text.USB_ReadInterrupts
                0x08006792       0x1e ./Drivers/STM32F1xx_HAL_Driver/Src/stm32f1xx_ll_usb.o
                0x08006792                USB_ReadInterrupts
 .text.USB_EP0_OutStart
                0x080067b0       0x16 ./Drivers/STM32F1xx_HAL_Driver/Src/stm32f1xx_ll_usb.o
                0x080067b0                USB_EP0_OutStart
 .text.USB_WritePMA
                0x080067c6       0x8c ./Drivers/STM32F1xx_HAL_Driver/Src/stm32f1xx_ll_usb.o
                0x080067c6                USB_WritePMA
 .text.USB_ReadPMA
                0x08006852       0x9e ./Drivers/STM32F1xx_HAL_Driver/Src/stm32f1xx_ll_usb.o
                0x08006852                USB_ReadPMA
 .text.USBD_CDC_Init
                0x080068f0       0xf4 ./Middlewares/ST/STM32_USB_Device_Library/Class/CDC/Src/usbd_cdc.o
 .text.USBD_CDC_DeInit
                0x080069e4       0x6e ./Middlewares/ST/STM32_USB_Device_Library/Class/CDC/Src/usbd_cdc.o
 .text.USBD_CDC_Setup
                0x08006a52      0x146 ./Middlewares/ST/STM32_USB_Device_Library/Class/CDC/Src/usbd_cdc.o
 .text.USBD_CDC_DataIn
                0x08006b98       0xa6 ./Middlewares/ST/STM32_USB_Device_Library/Class/CDC/Src/usbd_cdc.o
 .text.USBD_CDC_DataOut
                0x08006c3e       0x56 ./Middlewares/ST/STM32_USB_Device_Library/Class/CDC/Src/usbd_cdc.o
 .text.USBD_CDC_EP0_RxReady
                0x08006c94       0x4e ./Middlewares/ST/STM32_USB_Device_Library/Class/CDC/Src/usbd_cdc.o
 *fill*         0x08006ce2        0x2 
 .text.USBD_CDC_GetFSCfgDesc
                0x08006ce4       0x20 ./Middlewares/ST/STM32_USB_Device_Library/Class/CDC/Src/usbd_cdc.o
 .text.USBD_CDC_GetHSCfgDesc
                0x08006d04       0x20 ./Middlewares/ST/STM32_USB_Device_Library/Class/CDC/Src/usbd_cdc.o
 .text.USBD_CDC_GetOtherSpeedCfgDesc
                0x08006d24       0x20 ./Middlewares/ST/STM32_USB_Device_Library/Class/CDC/Src/usbd_cdc.o
 .text.USBD_CDC_GetDeviceQualifierDescriptor
                0x08006d44       0x20 ./Middlewares/ST/STM32_USB_Device_Library/Class/CDC/Src/usbd_cdc.o
                0x08006d44                USBD_CDC_GetDeviceQualifierDescriptor
 .text.USBD_CDC_RegisterInterface
                0x08006d64       0x2c ./Middlewares/ST/STM32_USB_Device_Library/Class/CDC/Src/usbd_cdc.o
                0x08006d64                USBD_CDC_RegisterInterface
 .text.USBD_CDC_SetTxBuffer
                0x08006d90       0x32 ./Middlewares/ST/STM32_USB_Device_Library/Class/CDC/Src/usbd_cdc.o
                0x08006d90                USBD_CDC_SetTxBuffer
 .text.USBD_CDC_SetRxBuffer
                0x08006dc2       0x26 ./Middlewares/ST/STM32_USB_Device_Library/Class/CDC/Src/usbd_cdc.o
                0x08006dc2                USBD_CDC_SetRxBuffer
 .text.USBD_CDC_ReceivePacket
                0x08006de8       0x54 ./Middlewares/ST/STM32_USB_Device_Library/Class/CDC/Src/usbd_cdc.o
                0x08006de8                USBD_CDC_ReceivePacket
 .text.USBD_Init
                0x08006e3c       0x56 ./Middlewares/ST/STM32_USB_Device_Library/Core/Src/usbd_core.o
                0x08006e3c                USBD_Init
 .text.USBD_RegisterClass
                0x08006e92       0x32 ./Middlewares/ST/STM32_USB_Device_Library/Core/Src/usbd_core.o
                0x08006e92                USBD_RegisterClass
 .text.USBD_Start
                0x08006ec4       0x18 ./Middlewares/ST/STM32_USB_Device_Library/Core/Src/usbd_core.o
                0x08006ec4                USBD_Start
 .text.USBD_RunTestMode
                0x08006edc       0x14 ./Middlewares/ST/STM32_USB_Device_Library/Core/Src/usbd_core.o
                0x08006edc                USBD_RunTestMode
 .text.USBD_SetClassConfig
                0x08006ef0       0x3e ./Middlewares/ST/STM32_USB_Device_Library/Core/Src/usbd_core.o
                0x08006ef0                USBD_SetClassConfig
 .text.USBD_ClrClassConfig
                0x08006f2e       0x26 ./Middlewares/ST/STM32_USB_Device_Library/Core/Src/usbd_core.o
                0x08006f2e                USBD_ClrClassConfig
 .text.USBD_LL_SetupStage
                0x08006f54       0x9a ./Middlewares/ST/STM32_USB_Device_Library/Core/Src/usbd_core.o
                0x08006f54                USBD_LL_SetupStage
 .text.USBD_LL_DataOutStage
                0x08006fee       0xe2 ./Middlewares/ST/STM32_USB_Device_Library/Core/Src/usbd_core.o
                0x08006fee                USBD_LL_DataOutStage
 .text.USBD_LL_DataInStage
                0x080070d0      0x14a ./Middlewares/ST/STM32_USB_Device_Library/Core/Src/usbd_core.o
                0x080070d0                USBD_LL_DataInStage
 .text.USBD_LL_Reset
                0x0800721a       0x82 ./Middlewares/ST/STM32_USB_Device_Library/Core/Src/usbd_core.o
                0x0800721a                USBD_LL_Reset
 .text.USBD_LL_SetSpeed
                0x0800729c       0x1e ./Middlewares/ST/STM32_USB_Device_Library/Core/Src/usbd_core.o
                0x0800729c                USBD_LL_SetSpeed
 .text.USBD_LL_Suspend
                0x080072ba       0x28 ./Middlewares/ST/STM32_USB_Device_Library/Core/Src/usbd_core.o
                0x080072ba                USBD_LL_Suspend
 .text.USBD_LL_Resume
                0x080072e2       0x2a ./Middlewares/ST/STM32_USB_Device_Library/Core/Src/usbd_core.o
                0x080072e2                USBD_LL_Resume
 .text.USBD_LL_SOF
                0x0800730c       0x34 ./Middlewares/ST/STM32_USB_Device_Library/Core/Src/usbd_core.o
                0x0800730c                USBD_LL_SOF
 .text.USBD_StdDevReq
                0x08007340       0xd4 ./Middlewares/ST/STM32_USB_Device_Library/Core/Src/usbd_ctlreq.o
                0x08007340                USBD_StdDevReq
 .text.USBD_StdItfReq
                0x08007414       0x90 ./Middlewares/ST/STM32_USB_Device_Library/Core/Src/usbd_ctlreq.o
                0x08007414                USBD_StdItfReq
 .text.USBD_StdEPReq
                0x080074a4      0x2c6 ./Middlewares/ST/STM32_USB_Device_Library/Core/Src/usbd_ctlreq.o
                0x080074a4                USBD_StdEPReq
 *fill*         0x0800776a        0x2 
 .text.USBD_GetDescriptor
                0x0800776c      0x2d0 ./Middlewares/ST/STM32_USB_Device_Library/Core/Src/usbd_ctlreq.o
 .text.USBD_SetAddress
                0x08007a3c       0x86 ./Middlewares/ST/STM32_USB_Device_Library/Core/Src/usbd_ctlreq.o
 *fill*         0x08007ac2        0x2 
 .text.USBD_SetConfig
                0x08007ac4      0x11c ./Middlewares/ST/STM32_USB_Device_Library/Core/Src/usbd_ctlreq.o
 .text.USBD_GetConfig
                0x08007be0       0x6a ./Middlewares/ST/STM32_USB_Device_Library/Core/Src/usbd_ctlreq.o
 .text.USBD_GetStatus
                0x08007c4a       0x66 ./Middlewares/ST/STM32_USB_Device_Library/Core/Src/usbd_ctlreq.o
 .text.USBD_SetFeature
                0x08007cb0       0x28 ./Middlewares/ST/STM32_USB_Device_Library/Core/Src/usbd_ctlreq.o
 .text.USBD_ClrFeature
                0x08007cd8       0x42 ./Middlewares/ST/STM32_USB_Device_Library/Core/Src/usbd_ctlreq.o
 .text.USBD_ParseSetupRequest
                0x08007d1a       0x72 ./Middlewares/ST/STM32_USB_Device_Library/Core/Src/usbd_ctlreq.o
                0x08007d1a                USBD_ParseSetupRequest
 .text.USBD_CtlError
                0x08007d8c       0x22 ./Middlewares/ST/STM32_USB_Device_Library/Core/Src/usbd_ctlreq.o
                0x08007d8c                USBD_CtlError
 .text.USBD_GetString
                0x08007dae       0x84 ./Middlewares/ST/STM32_USB_Device_Library/Core/Src/usbd_ctlreq.o
                0x08007dae                USBD_GetString
 .text.USBD_GetLen
                0x08007e32       0x2e ./Middlewares/ST/STM32_USB_Device_Library/Core/Src/usbd_ctlreq.o
 .text.USBD_CtlSendData
                0x08007e60       0x38 ./Middlewares/ST/STM32_USB_Device_Library/Core/Src/usbd_ioreq.o
                0x08007e60                USBD_CtlSendData
 .text.USBD_CtlContinueSendData
                0x08007e98       0x24 ./Middlewares/ST/STM32_USB_Device_Library/Core/Src/usbd_ioreq.o
                0x08007e98                USBD_CtlContinueSendData
 .text.USBD_CtlPrepareRx
                0x08007ebc       0x3c ./Middlewares/ST/STM32_USB_Device_Library/Core/Src/usbd_ioreq.o
                0x08007ebc                USBD_CtlPrepareRx
 .text.USBD_CtlContinueRx
                0x08007ef8       0x24 ./Middlewares/ST/STM32_USB_Device_Library/Core/Src/usbd_ioreq.o
                0x08007ef8                USBD_CtlContinueRx
 .text.USBD_CtlSendStatus
                0x08007f1c       0x26 ./Middlewares/ST/STM32_USB_Device_Library/Core/Src/usbd_ioreq.o
                0x08007f1c                USBD_CtlSendStatus
 .text.USBD_CtlReceiveStatus
                0x08007f42       0x26 ./Middlewares/ST/STM32_USB_Device_Library/Core/Src/usbd_ioreq.o
                0x08007f42                USBD_CtlReceiveStatus
 .text.MX_USB_DEVICE_Init
                0x08007f68       0x60 ./USB_DEVICE/App/usb_device.o
                0x08007f68                MX_USB_DEVICE_Init
 .text.CDC_Init_FS
                0x08007fc8       0x28 ./USB_DEVICE/App/usbd_cdc_if.o
 .text.CDC_DeInit_FS
                0x08007ff0        0xe ./USB_DEVICE/App/usbd_cdc_if.o
 *fill*         0x08007ffe        0x2 
 .text.CDC_Control_FS
                0x08008000       0xbc ./USB_DEVICE/App/usbd_cdc_if.o
 .text.CDC_Receive_FS
                0x080080bc       0x28 ./USB_DEVICE/App/usbd_cdc_if.o
 .text.USBD_FS_DeviceDescriptor
                0x080080e4       0x24 ./USB_DEVICE/App/usbd_desc.o
                0x080080e4                USBD_FS_DeviceDescriptor
 .text.USBD_FS_LangIDStrDescriptor
                0x08008108       0x24 ./USB_DEVICE/App/usbd_desc.o
                0x08008108                USBD_FS_LangIDStrDescriptor
 .text.USBD_FS_ProductStrDescriptor
                0x0800812c       0x3c ./USB_DEVICE/App/usbd_desc.o
                0x0800812c                USBD_FS_ProductStrDescriptor
 .text.USBD_FS_ManufacturerStrDescriptor
                0x08008168       0x28 ./USB_DEVICE/App/usbd_desc.o
                0x08008168                USBD_FS_ManufacturerStrDescriptor
 .text.USBD_FS_SerialStrDescriptor
                0x08008190       0x24 ./USB_DEVICE/App/usbd_desc.o
                0x08008190                USBD_FS_SerialStrDescriptor
 .text.USBD_FS_ConfigStrDescriptor
                0x080081b4       0x3c ./USB_DEVICE/App/usbd_desc.o
                0x080081b4                USBD_FS_ConfigStrDescriptor
 .text.USBD_FS_InterfaceStrDescriptor
                0x080081f0       0x3c ./USB_DEVICE/App/usbd_desc.o
                0x080081f0                USBD_FS_InterfaceStrDescriptor
 .text.Get_SerialNum
                0x0800822c       0x58 ./USB_DEVICE/App/usbd_desc.o
 .text.IntToUnicode
                0x08008284       0x7c ./USB_DEVICE/App/usbd_desc.o
 .text.HAL_PCD_MspInit
                0x08008300       0x4c ./USB_DEVICE/Target/usbd_conf.o
                0x08008300                HAL_PCD_MspInit
 .text.HAL_PCD_SetupStageCallback
                0x0800834c       0x24 ./USB_DEVICE/Target/usbd_conf.o
                0x0800834c                HAL_PCD_SetupStageCallback
 .text.HAL_PCD_DataOutStageCallback
                0x08008370       0x36 ./USB_DEVICE/Target/usbd_conf.o
                0x08008370                HAL_PCD_DataOutStageCallback
 .text.HAL_PCD_DataInStageCallback
                0x080083a6       0x34 ./USB_DEVICE/Target/usbd_conf.o
                0x080083a6                HAL_PCD_DataInStageCallback
 .text.HAL_PCD_SOFCallback
                0x080083da       0x1c ./USB_DEVICE/Target/usbd_conf.o
                0x080083da                HAL_PCD_SOFCallback
 .text.HAL_PCD_ResetCallback
                0x080083f6       0x3c ./USB_DEVICE/Target/usbd_conf.o
                0x080083f6                HAL_PCD_ResetCallback
 *fill*         0x08008432        0x2 
 .text.HAL_PCD_SuspendCallback
                0x08008434       0x34 ./USB_DEVICE/Target/usbd_conf.o
                0x08008434                HAL_PCD_SuspendCallback
 .text.HAL_PCD_ResumeCallback
                0x08008468       0x1c ./USB_DEVICE/Target/usbd_conf.o
                0x08008468                HAL_PCD_ResumeCallback
 .text.USBD_LL_Init
                0x08008484       0xb4 ./USB_DEVICE/Target/usbd_conf.o
                0x08008484                USBD_LL_Init
 .text.USBD_LL_Start
                0x08008538       0x36 ./USB_DEVICE/Target/usbd_conf.o
                0x08008538                USBD_LL_Start
 .text.USBD_LL_OpenEP
                0x0800856e       0x4c ./USB_DEVICE/Target/usbd_conf.o
                0x0800856e                USBD_LL_OpenEP
 .text.USBD_LL_CloseEP
                0x080085ba       0x3e ./USB_DEVICE/Target/usbd_conf.o
                0x080085ba                USBD_LL_CloseEP
 .text.USBD_LL_StallEP
                0x080085f8       0x3e ./USB_DEVICE/Target/usbd_conf.o
                0x080085f8                USBD_LL_StallEP
 .text.USBD_LL_ClearStallEP
                0x08008636       0x3e ./USB_DEVICE/Target/usbd_conf.o
                0x08008636                USBD_LL_ClearStallEP
 .text.USBD_LL_IsStallEP
                0x08008674       0x56 ./USB_DEVICE/Target/usbd_conf.o
                0x08008674                USBD_LL_IsStallEP
 .text.USBD_LL_SetUSBAddress
                0x080086ca       0x3e ./USB_DEVICE/Target/usbd_conf.o
                0x080086ca                USBD_LL_SetUSBAddress
 .text.USBD_LL_Transmit
                0x08008708       0x46 ./USB_DEVICE/Target/usbd_conf.o
                0x08008708                USBD_LL_Transmit
 .text.USBD_LL_PrepareReceive
                0x0800874e       0x46 ./USB_DEVICE/Target/usbd_conf.o
                0x0800874e                USBD_LL_PrepareReceive
 .text.USBD_LL_GetRxDataSize
                0x08008794       0x26 ./USB_DEVICE/Target/usbd_conf.o
                0x08008794                USBD_LL_GetRxDataSize
 *fill*         0x080087ba        0x2 
 .text.USBD_static_malloc
                0x080087bc       0x18 ./USB_DEVICE/Target/usbd_conf.o
                0x080087bc                USBD_static_malloc
 .text.USBD_static_free
                0x080087d4       0x12 ./USB_DEVICE/Target/usbd_conf.o
                0x080087d4                USBD_static_free
 .text.HAL_PCDEx_SetConnectionState
                0x080087e6       0x16 ./USB_DEVICE/Target/usbd_conf.o
                0x080087e6                HAL_PCDEx_SetConnectionState
 .text.USBD_Get_USB_Status
                0x080087fc       0x58 ./USB_DEVICE/Target/usbd_conf.o
 .text.memset   0x08008854       0x10 C:/ST/STM32CubeIDE_1.18.1/STM32CubeIDE/plugins/com.st.stm32cube.ide.mcu.externaltools.gnu-tools-for-stm32.13.3.rel1.win32_1.0.0.202411081344/tools/bin/../lib/gcc/arm-none-eabi/13.3.1/../../../../arm-none-eabi/lib/thumb/v7-m/nofp\libc_nano.a(libc_a-memset.o)
                0x08008854                memset
 .text.__libc_init_array
                0x08008864       0x48 C:/ST/STM32CubeIDE_1.18.1/STM32CubeIDE/plugins/com.st.stm32cube.ide.mcu.externaltools.gnu-tools-for-stm32.13.3.rel1.win32_1.0.0.202411081344/tools/bin/../lib/gcc/arm-none-eabi/13.3.1/../../../../arm-none-eabi/lib/thumb/v7-m/nofp\libc_nano.a(libc_a-init.o)
                0x08008864                __libc_init_array
 *(.glue_7)
 .glue_7        0x080088ac        0x0 linker stubs
 *(.glue_7t)
 .glue_7t       0x080088ac        0x0 linker stubs
 *(.eh_frame)
 .eh_frame      0x080088ac        0x0 C:/ST/STM32CubeIDE_1.18.1/STM32CubeIDE/plugins/com.st.stm32cube.ide.mcu.externaltools.gnu-tools-for-stm32.13.3.rel1.win32_1.0.0.202411081344/tools/bin/../lib/gcc/arm-none-eabi/13.3.1/thumb/v7-m/nofp/crtbegin.o
 *(.init)
 .init          0x080088ac        0x4 C:/ST/STM32CubeIDE_1.18.1/STM32CubeIDE/plugins/com.st.stm32cube.ide.mcu.externaltools.gnu-tools-for-stm32.13.3.rel1.win32_1.0.0.202411081344/tools/bin/../lib/gcc/arm-none-eabi/13.3.1/thumb/v7-m/nofp/crti.o
                0x080088ac                _init
 .init          0x080088b0        0x8 C:/ST/STM32CubeIDE_1.18.1/STM32CubeIDE/plugins/com.st.stm32cube.ide.mcu.externaltools.gnu-tools-for-stm32.13.3.rel1.win32_1.0.0.202411081344/tools/bin/../lib/gcc/arm-none-eabi/13.3.1/thumb/v7-m/nofp/crtn.o
 *(.fini)
 .fini          0x080088b8        0x4 C:/ST/STM32CubeIDE_1.18.1/STM32CubeIDE/plugins/com.st.stm32cube.ide.mcu.externaltools.gnu-tools-for-stm32.13.3.rel1.win32_1.0.0.202411081344/tools/bin/../lib/gcc/arm-none-eabi/13.3.1/thumb/v7-m/nofp/crti.o
                0x080088b8                _fini
 .fini          0x080088bc        0x8 C:/ST/STM32CubeIDE_1.18.1/STM32CubeIDE/plugins/com.st.stm32cube.ide.mcu.externaltools.gnu-tools-for-stm32.13.3.rel1.win32_1.0.0.202411081344/tools/bin/../lib/gcc/arm-none-eabi/13.3.1/thumb/v7-m/nofp/crtn.o
                0x080088c4                        . = ALIGN (0x4)
                0x080088c4                        _etext = .

.vfp11_veneer   0x080088c4        0x0
 .vfp11_veneer  0x080088c4        0x0 linker stubs

.v4_bx          0x080088c4        0x0
 .v4_bx         0x080088c4        0x0 linker stubs

.iplt           0x080088c4        0x0
 .iplt          0x080088c4        0x0 C:/ST/STM32CubeIDE_1.18.1/STM32CubeIDE/plugins/com.st.stm32cube.ide.mcu.externaltools.gnu-tools-for-stm32.13.3.rel1.win32_1.0.0.202411081344/tools/bin/../lib/gcc/arm-none-eabi/13.3.1/thumb/v7-m/nofp/crtbegin.o

.rodata         0x080088c4       0x6c
                0x080088c4                        . = ALIGN (0x4)
 *(.rodata)
 .rodata        0x080088c4       0x46 ./USB_DEVICE/App/usbd_desc.o
 *(.rodata*)
 *fill*         0x0800890a        0x2 
 .rodata.AHBPrescTable
                0x0800890c       0x10 ./Core/Src/system_stm32f1xx.o
                0x0800890c                AHBPrescTable
 .rodata.aPLLMULFactorTable.1
                0x0800891c       0x10 ./Drivers/STM32F1xx_HAL_Driver/Src/stm32f1xx_hal_rcc.o
 .rodata.aPredivFactorTable.0
                0x0800892c        0x2 ./Drivers/STM32F1xx_HAL_Driver/Src/stm32f1xx_hal_rcc.o
                0x08008930                        . = ALIGN (0x4)
 *fill*         0x0800892e        0x2 

.ARM.extab      0x08008930        0x0
                0x08008930                        . = ALIGN (0x4)
 *(.ARM.extab* .gnu.linkonce.armextab.*)
                0x08008930                        . = ALIGN (0x4)

.ARM            0x08008930        0x0
                0x08008930                        . = ALIGN (0x4)
                0x08008930                        __exidx_start = .
 *(.ARM.exidx*)
                0x08008930                        __exidx_end = .
                0x08008930                        . = ALIGN (0x4)

.preinit_array  0x08008930        0x0
                0x08008930                        . = ALIGN (0x4)
                0x08008930                        PROVIDE (__preinit_array_start = .)
 *(.preinit_array*)
                0x08008930                        PROVIDE (__preinit_array_end = .)
                0x08008930                        . = ALIGN (0x4)

.init_array     0x08008930        0x4
                0x08008930                        . = ALIGN (0x4)
                0x08008930                        PROVIDE (__init_array_start = .)
 *(SORT_BY_NAME(.init_array.*))
 *(.init_array*)
 .init_array    0x08008930        0x4 C:/ST/STM32CubeIDE_1.18.1/STM32CubeIDE/plugins/com.st.stm32cube.ide.mcu.externaltools.gnu-tools-for-stm32.13.3.rel1.win32_1.0.0.202411081344/tools/bin/../lib/gcc/arm-none-eabi/13.3.1/thumb/v7-m/nofp/crtbegin.o
                0x08008934                        PROVIDE (__init_array_end = .)
                0x08008934                        . = ALIGN (0x4)

.fini_array     0x08008934        0x4
                0x08008934                        . = ALIGN (0x4)
                [!provide]                        PROVIDE (__fini_array_start = .)
 *(SORT_BY_NAME(.fini_array.*))
 *(.fini_array*)
 .fini_array    0x08008934        0x4 C:/ST/STM32CubeIDE_1.18.1/STM32CubeIDE/plugins/com.st.stm32cube.ide.mcu.externaltools.gnu-tools-for-stm32.13.3.rel1.win32_1.0.0.202411081344/tools/bin/../lib/gcc/arm-none-eabi/13.3.1/thumb/v7-m/nofp/crtbegin.o
                [!provide]                        PROVIDE (__fini_array_end = .)
                0x08008938                        . = ALIGN (0x4)
                0x08008938                        _sidata = LOADADDR (.data)

.rel.dyn        0x08008938        0x0
 .rel.iplt      0x08008938        0x0 C:/ST/STM32CubeIDE_1.18.1/STM32CubeIDE/plugins/com.st.stm32cube.ide.mcu.externaltools.gnu-tools-for-stm32.13.3.rel1.win32_1.0.0.202411081344/tools/bin/../lib/gcc/arm-none-eabi/13.3.1/thumb/v7-m/nofp/crtbegin.o

.data           0x20000000      0x180 load address 0x08008938
                0x20000000                        . = ALIGN (0x4)
                0x20000000                        _sdata = .
 *(.data)
 *(.data*)
 .data.stepper_speed_hz
                0x20000000        0x4 ./Core/Src/main.o
                0x20000000                stepper_speed_hz
 .data.SystemCoreClock
                0x20000004        0x4 ./Core/Src/system_stm32f1xx.o
                0x20000004                SystemCoreClock
 .data.uwTickPrio
                0x20000008        0x4 ./Drivers/STM32F1xx_HAL_Driver/Src/stm32f1xx_hal.o
                0x20000008                uwTickPrio
 .data.uwTickFreq
                0x2000000c        0x1 ./Drivers/STM32F1xx_HAL_Driver/Src/stm32f1xx_hal.o
                0x2000000c                uwTickFreq
 *fill*         0x2000000d        0x3 
 .data.USBD_CDC_DeviceQualifierDesc
                0x20000010        0xa ./Middlewares/ST/STM32_USB_Device_Library/Class/CDC/Src/usbd_cdc.o
 *fill*         0x2000001a        0x2 
 .data.USBD_CDC
                0x2000001c       0x38 ./Middlewares/ST/STM32_USB_Device_Library/Class/CDC/Src/usbd_cdc.o
                0x2000001c                USBD_CDC
 .data.USBD_CDC_CfgHSDesc
                0x20000054       0x43 ./Middlewares/ST/STM32_USB_Device_Library/Class/CDC/Src/usbd_cdc.o
                0x20000054                USBD_CDC_CfgHSDesc
 *fill*         0x20000097        0x1 
 .data.USBD_CDC_CfgFSDesc
                0x20000098       0x43 ./Middlewares/ST/STM32_USB_Device_Library/Class/CDC/Src/usbd_cdc.o
                0x20000098                USBD_CDC_CfgFSDesc
 *fill*         0x200000db        0x1 
 .data.USBD_CDC_OtherSpeedCfgDesc
                0x200000dc       0x43 ./Middlewares/ST/STM32_USB_Device_Library/Class/CDC/Src/usbd_cdc.o
                0x200000dc                USBD_CDC_OtherSpeedCfgDesc
 *fill*         0x2000011f        0x1 
 .data.USBD_Interface_fops_FS
                0x20000120       0x10 ./USB_DEVICE/App/usbd_cdc_if.o
                0x20000120                USBD_Interface_fops_FS
 .data.FS_Desc  0x20000130       0x1c ./USB_DEVICE/App/usbd_desc.o
                0x20000130                FS_Desc
 .data.USBD_FS_DeviceDesc
                0x2000014c       0x12 ./USB_DEVICE/App/usbd_desc.o
                0x2000014c                USBD_FS_DeviceDesc
 *fill*         0x2000015e        0x2 
 .data.USBD_LangIDDesc
                0x20000160        0x4 ./USB_DEVICE/App/usbd_desc.o
                0x20000160                USBD_LangIDDesc
 .data.USBD_StringSerial
                0x20000164       0x1a ./USB_DEVICE/App/usbd_desc.o
                0x20000164                USBD_StringSerial
 *(.RamFunc)
 *(.RamFunc*)
                0x20000180                        . = ALIGN (0x4)
 *fill*         0x2000017e        0x2 
                0x20000180                        _edata = .

.igot.plt       0x20000180        0x0 load address 0x08008ab8
 .igot.plt      0x20000180        0x0 C:/ST/STM32CubeIDE_1.18.1/STM32CubeIDE/plugins/com.st.stm32cube.ide.mcu.externaltools.gnu-tools-for-stm32.13.3.rel1.win32_1.0.0.202411081344/tools/bin/../lib/gcc/arm-none-eabi/13.3.1/thumb/v7-m/nofp/crtbegin.o
                0x20000180                        . = ALIGN (0x4)

.bss            0x20000180     0x1274 load address 0x08008ab8
                0x20000180                        _sbss = .
                0x20000180                        __bss_start__ = _sbss
 *(.bss)
 .bss           0x20000180       0x1c C:/ST/STM32CubeIDE_1.18.1/STM32CubeIDE/plugins/com.st.stm32cube.ide.mcu.externaltools.gnu-tools-for-stm32.13.3.rel1.win32_1.0.0.202411081344/tools/bin/../lib/gcc/arm-none-eabi/13.3.1/thumb/v7-m/nofp/crtbegin.o
 *(.bss*)
 .bss.stepper_enabled
                0x2000019c        0x1 ./Core/Src/main.o
                0x2000019c                stepper_enabled
 .bss.stepper_direction
                0x2000019d        0x1 ./Core/Src/main.o
                0x2000019d                stepper_direction
 *fill*         0x2000019e        0x2 
 .bss.htim4     0x200001a0       0x48 ./Core/Src/main.o
                0x200001a0                htim4
 .bss.htim8     0x200001e8       0x48 ./Core/Src/main.o
                0x200001e8                htim8
 .bss.uwTick    0x20000230        0x4 ./Drivers/STM32F1xx_HAL_Driver/Src/stm32f1xx_hal.o
                0x20000230                uwTick
 .bss.cfgidx.0  0x20000234        0x1 ./Middlewares/ST/STM32_USB_Device_Library/Core/Src/usbd_ctlreq.o
 *fill*         0x20000235        0x3 
 .bss.hUsbDeviceFS
                0x20000238      0x2c4 ./USB_DEVICE/App/usb_device.o
                0x20000238                hUsbDeviceFS
 .bss.UserRxBufferFS
                0x200004fc      0x400 ./USB_DEVICE/App/usbd_cdc_if.o
                0x200004fc                UserRxBufferFS
 .bss.UserTxBufferFS
                0x200008fc      0x400 ./USB_DEVICE/App/usbd_cdc_if.o
                0x200008fc                UserTxBufferFS
 .bss.USBD_StrDesc
                0x20000cfc      0x200 ./USB_DEVICE/App/usbd_desc.o
                0x20000cfc                USBD_StrDesc
 .bss.hpcd_USB_FS
                0x20000efc      0x2d8 ./USB_DEVICE/Target/usbd_conf.o
                0x20000efc                hpcd_USB_FS
 .bss.mem.0     0x200011d4      0x220 ./USB_DEVICE/Target/usbd_conf.o
 *(COMMON)
                0x200013f4                        . = ALIGN (0x4)
                0x200013f4                        _ebss = .
                0x200013f4                        __bss_end__ = _ebss

._user_heap_stack
                0x200013f4      0x604 load address 0x08008ab8
                0x200013f8                        . = ALIGN (0x8)
 *fill*         0x200013f4        0x4 
                [!provide]                        PROVIDE (end = .)
                0x200013f8                        PROVIDE (_end = .)
                0x200015f8                        . = (. + _Min_Heap_Size)
 *fill*         0x200013f8      0x200 
                0x200019f8                        . = (. + _Min_Stack_Size)
 *fill*         0x200015f8      0x400 
                0x200019f8                        . = ALIGN (0x8)

/DISCARD/
 libc.a(*)
 libm.a(*)
 libgcc.a(*)

.ARM.attributes
                0x00000000       0x29
 *(.ARM.attributes)
 .ARM.attributes
                0x00000000       0x1d C:/ST/STM32CubeIDE_1.18.1/STM32CubeIDE/plugins/com.st.stm32cube.ide.mcu.externaltools.gnu-tools-for-stm32.13.3.rel1.win32_1.0.0.202411081344/tools/bin/../lib/gcc/arm-none-eabi/13.3.1/thumb/v7-m/nofp/crti.o
 .ARM.attributes
                0x0000001d       0x2d C:/ST/STM32CubeIDE_1.18.1/STM32CubeIDE/plugins/com.st.stm32cube.ide.mcu.externaltools.gnu-tools-for-stm32.13.3.rel1.win32_1.0.0.202411081344/tools/bin/../lib/gcc/arm-none-eabi/13.3.1/thumb/v7-m/nofp/crtbegin.o
 .ARM.attributes
                0x0000004a       0x2d ./Core/Src/main.o
 .ARM.attributes
                0x00000077       0x2d ./Core/Src/stm32f1xx_hal_msp.o
 .ARM.attributes
                0x000000a4       0x2d ./Core/Src/stm32f1xx_it.o
 .ARM.attributes
                0x000000d1       0x2d ./Core/Src/system_stm32f1xx.o
 .ARM.attributes
                0x000000fe       0x21 ./Core/Startup/startup_stm32f103rctx.o
 .ARM.attributes
                0x0000011f       0x2d ./Drivers/STM32F1xx_HAL_Driver/Src/stm32f1xx_hal.o
 .ARM.attributes
                0x0000014c       0x2d ./Drivers/STM32F1xx_HAL_Driver/Src/stm32f1xx_hal_cortex.o
 .ARM.attributes
                0x00000179       0x2d ./Drivers/STM32F1xx_HAL_Driver/Src/stm32f1xx_hal_gpio.o
 .ARM.attributes
                0x000001a6       0x2d ./Drivers/STM32F1xx_HAL_Driver/Src/stm32f1xx_hal_pcd.o
 .ARM.attributes
                0x000001d3       0x2d ./Drivers/STM32F1xx_HAL_Driver/Src/stm32f1xx_hal_pcd_ex.o
 .ARM.attributes
                0x00000200       0x2d ./Drivers/STM32F1xx_HAL_Driver/Src/stm32f1xx_hal_rcc.o
 .ARM.attributes
                0x0000022d       0x2d ./Drivers/STM32F1xx_HAL_Driver/Src/stm32f1xx_hal_rcc_ex.o
 .ARM.attributes
                0x0000025a       0x2d ./Drivers/STM32F1xx_HAL_Driver/Src/stm32f1xx_hal_tim.o
 .ARM.attributes
                0x00000287       0x2d ./Drivers/STM32F1xx_HAL_Driver/Src/stm32f1xx_hal_tim_ex.o
 .ARM.attributes
                0x000002b4       0x2d ./Drivers/STM32F1xx_HAL_Driver/Src/stm32f1xx_ll_usb.o
 .ARM.attributes
                0x000002e1       0x2d ./Middlewares/ST/STM32_USB_Device_Library/Class/CDC/Src/usbd_cdc.o
 .ARM.attributes
                0x0000030e       0x2d ./Middlewares/ST/STM32_USB_Device_Library/Core/Src/usbd_core.o
 .ARM.attributes
                0x0000033b       0x2d ./Middlewares/ST/STM32_USB_Device_Library/Core/Src/usbd_ctlreq.o
 .ARM.attributes
                0x00000368       0x2d ./Middlewares/ST/STM32_USB_Device_Library/Core/Src/usbd_ioreq.o
 .ARM.attributes
                0x00000395       0x2d ./USB_DEVICE/App/usb_device.o
 .ARM.attributes
                0x000003c2       0x2d ./USB_DEVICE/App/usbd_cdc_if.o
 .ARM.attributes
                0x000003ef       0x2d ./USB_DEVICE/App/usbd_desc.o
 .ARM.attributes
                0x0000041c       0x2d ./USB_DEVICE/Target/usbd_conf.o
 .ARM.attributes
                0x00000449       0x2d C:/ST/STM32CubeIDE_1.18.1/STM32CubeIDE/plugins/com.st.stm32cube.ide.mcu.externaltools.gnu-tools-for-stm32.13.3.rel1.win32_1.0.0.202411081344/tools/bin/../lib/gcc/arm-none-eabi/13.3.1/../../../../arm-none-eabi/lib/thumb/v7-m/nofp\libc_nano.a(libc_a-memset.o)
 .ARM.attributes
                0x00000476       0x2d C:/ST/STM32CubeIDE_1.18.1/STM32CubeIDE/plugins/com.st.stm32cube.ide.mcu.externaltools.gnu-tools-for-stm32.13.3.rel1.win32_1.0.0.202411081344/tools/bin/../lib/gcc/arm-none-eabi/13.3.1/../../../../arm-none-eabi/lib/thumb/v7-m/nofp\libc_nano.a(libc_a-init.o)
 .ARM.attributes
                0x000004a3       0x1d C:/ST/STM32CubeIDE_1.18.1/STM32CubeIDE/plugins/com.st.stm32cube.ide.mcu.externaltools.gnu-tools-for-stm32.13.3.rel1.win32_1.0.0.202411081344/tools/bin/../lib/gcc/arm-none-eabi/13.3.1/thumb/v7-m/nofp/crtn.o
OUTPUT(stm32f103rct6.elf elf32-littlearm)
LOAD linker stubs
LOAD C:/ST/STM32CubeIDE_1.18.1/STM32CubeIDE/plugins/com.st.stm32cube.ide.mcu.externaltools.gnu-tools-for-stm32.13.3.rel1.win32_1.0.0.202411081344/tools/bin/../lib/gcc/arm-none-eabi/13.3.1/../../../../arm-none-eabi/lib/thumb/v7-m/nofp\libc.a
LOAD C:/ST/STM32CubeIDE_1.18.1/STM32CubeIDE/plugins/com.st.stm32cube.ide.mcu.externaltools.gnu-tools-for-stm32.13.3.rel1.win32_1.0.0.202411081344/tools/bin/../lib/gcc/arm-none-eabi/13.3.1/../../../../arm-none-eabi/lib/thumb/v7-m/nofp\libm.a
LOAD C:/ST/STM32CubeIDE_1.18.1/STM32CubeIDE/plugins/com.st.stm32cube.ide.mcu.externaltools.gnu-tools-for-stm32.13.3.rel1.win32_1.0.0.202411081344/tools/bin/../lib/gcc/arm-none-eabi/13.3.1/thumb/v7-m/nofp\libgcc.a

.debug_info     0x00000000    0x10ec3
 .debug_info    0x00000000     0x10c4 ./Core/Src/main.o
 .debug_info    0x000010c4      0x91c ./Core/Src/stm32f1xx_hal_msp.o
 .debug_info    0x000019e0      0x602 ./Core/Src/stm32f1xx_it.o
 .debug_info    0x00001fe2      0x222 ./Core/Src/system_stm32f1xx.o
 .debug_info    0x00002204       0x30 ./Core/Startup/startup_stm32f103rctx.o
 .debug_info    0x00002234      0x76a ./Drivers/STM32F1xx_HAL_Driver/Src/stm32f1xx_hal.o
 .debug_info    0x0000299e      0xaed ./Drivers/STM32F1xx_HAL_Driver/Src/stm32f1xx_hal_cortex.o
 .debug_info    0x0000348b      0x5ab ./Drivers/STM32F1xx_HAL_Driver/Src/stm32f1xx_hal_gpio.o
 .debug_info    0x00003a36     0x16dc ./Drivers/STM32F1xx_HAL_Driver/Src/stm32f1xx_hal_pcd.o
 .debug_info    0x00005112      0x6c3 ./Drivers/STM32F1xx_HAL_Driver/Src/stm32f1xx_hal_pcd_ex.o
 .debug_info    0x000057d5      0x7d5 ./Drivers/STM32F1xx_HAL_Driver/Src/stm32f1xx_hal_rcc.o
 .debug_info    0x00005faa      0x3e9 ./Drivers/STM32F1xx_HAL_Driver/Src/stm32f1xx_hal_rcc_ex.o
 .debug_info    0x00006393     0x2959 ./Drivers/STM32F1xx_HAL_Driver/Src/stm32f1xx_hal_tim.o
 .debug_info    0x00008cec     0x149b ./Drivers/STM32F1xx_HAL_Driver/Src/stm32f1xx_hal_tim_ex.o
 .debug_info    0x0000a187     0x17ae ./Drivers/STM32F1xx_HAL_Driver/Src/stm32f1xx_ll_usb.o
 .debug_info    0x0000b935     0x1043 ./Middlewares/ST/STM32_USB_Device_Library/Class/CDC/Src/usbd_cdc.o
 .debug_info    0x0000c978      0xa52 ./Middlewares/ST/STM32_USB_Device_Library/Core/Src/usbd_core.o
 .debug_info    0x0000d3ca      0x91c ./Middlewares/ST/STM32_USB_Device_Library/Core/Src/usbd_ctlreq.o
 .debug_info    0x0000dce6      0x6a0 ./Middlewares/ST/STM32_USB_Device_Library/Core/Src/usbd_ioreq.o
 .debug_info    0x0000e386      0x63d ./USB_DEVICE/App/usb_device.o
 .debug_info    0x0000e9c3      0x7ec ./USB_DEVICE/App/usbd_cdc_if.o
 .debug_info    0x0000f1af      0x44a ./USB_DEVICE/App/usbd_desc.o
 .debug_info    0x0000f5f9     0x18ca ./USB_DEVICE/Target/usbd_conf.o

.debug_abbrev   0x00000000     0x301d
 .debug_abbrev  0x00000000      0x30c ./Core/Src/main.o
 .debug_abbrev  0x0000030c      0x1cf ./Core/Src/stm32f1xx_hal_msp.o
 .debug_abbrev  0x000004db      0x192 ./Core/Src/stm32f1xx_it.o
 .debug_abbrev  0x0000066d      0x13f ./Core/Src/system_stm32f1xx.o
 .debug_abbrev  0x000007ac       0x24 ./Core/Startup/startup_stm32f103rctx.o
 .debug_abbrev  0x000007d0      0x201 ./Drivers/STM32F1xx_HAL_Driver/Src/stm32f1xx_hal.o
 .debug_abbrev  0x000009d1      0x2f8 ./Drivers/STM32F1xx_HAL_Driver/Src/stm32f1xx_hal_cortex.o
 .debug_abbrev  0x00000cc9      0x1ca ./Drivers/STM32F1xx_HAL_Driver/Src/stm32f1xx_hal_gpio.o
 .debug_abbrev  0x00000e93      0x2d6 ./Drivers/STM32F1xx_HAL_Driver/Src/stm32f1xx_hal_pcd.o
 .debug_abbrev  0x00001169      0x189 ./Drivers/STM32F1xx_HAL_Driver/Src/stm32f1xx_hal_pcd_ex.o
 .debug_abbrev  0x000012f2      0x2b3 ./Drivers/STM32F1xx_HAL_Driver/Src/stm32f1xx_hal_rcc.o
 .debug_abbrev  0x000015a5      0x188 ./Drivers/STM32F1xx_HAL_Driver/Src/stm32f1xx_hal_rcc_ex.o
 .debug_abbrev  0x0000172d      0x277 ./Drivers/STM32F1xx_HAL_Driver/Src/stm32f1xx_hal_tim.o
 .debug_abbrev  0x000019a4      0x282 ./Drivers/STM32F1xx_HAL_Driver/Src/stm32f1xx_hal_tim_ex.o
 .debug_abbrev  0x00001c26      0x1de ./Drivers/STM32F1xx_HAL_Driver/Src/stm32f1xx_ll_usb.o
 .debug_abbrev  0x00001e04      0x2d3 ./Middlewares/ST/STM32_USB_Device_Library/Class/CDC/Src/usbd_cdc.o
 .debug_abbrev  0x000020d7      0x24a ./Middlewares/ST/STM32_USB_Device_Library/Core/Src/usbd_core.o
 .debug_abbrev  0x00002321      0x26b ./Middlewares/ST/STM32_USB_Device_Library/Core/Src/usbd_ctlreq.o
 .debug_abbrev  0x0000258c      0x192 ./Middlewares/ST/STM32_USB_Device_Library/Core/Src/usbd_ioreq.o
 .debug_abbrev  0x0000271e      0x18d ./USB_DEVICE/App/usb_device.o
 .debug_abbrev  0x000028ab      0x25d ./USB_DEVICE/App/usbd_cdc_if.o
 .debug_abbrev  0x00002b08      0x1ff ./USB_DEVICE/App/usbd_desc.o
 .debug_abbrev  0x00002d07      0x316 ./USB_DEVICE/Target/usbd_conf.o

.debug_aranges  0x00000000     0x1000
 .debug_aranges
                0x00000000       0x78 ./Core/Src/main.o
 .debug_aranges
                0x00000078       0x38 ./Core/Src/stm32f1xx_hal_msp.o
 .debug_aranges
                0x000000b0       0x68 ./Core/Src/stm32f1xx_it.o
 .debug_aranges
                0x00000118       0x28 ./Core/Src/system_stm32f1xx.o
 .debug_aranges
                0x00000140       0x28 ./Core/Startup/startup_stm32f103rctx.o
 .debug_aranges
                0x00000168       0xe0 ./Drivers/STM32F1xx_HAL_Driver/Src/stm32f1xx_hal.o
 .debug_aranges
                0x00000248      0x100 ./Drivers/STM32F1xx_HAL_Driver/Src/stm32f1xx_hal_cortex.o
 .debug_aranges
                0x00000348       0x58 ./Drivers/STM32F1xx_HAL_Driver/Src/stm32f1xx_hal_gpio.o
 .debug_aranges
                0x000003a0      0x140 ./Drivers/STM32F1xx_HAL_Driver/Src/stm32f1xx_hal_pcd.o
 .debug_aranges
                0x000004e0       0x38 ./Drivers/STM32F1xx_HAL_Driver/Src/stm32f1xx_hal_pcd_ex.o
 .debug_aranges
                0x00000518       0x90 ./Drivers/STM32F1xx_HAL_Driver/Src/stm32f1xx_hal_rcc.o
 .debug_aranges
                0x000005a8       0x30 ./Drivers/STM32F1xx_HAL_Driver/Src/stm32f1xx_hal_rcc_ex.o
 .debug_aranges
                0x000005d8      0x3d0 ./Drivers/STM32F1xx_HAL_Driver/Src/stm32f1xx_hal_tim.o
 .debug_aranges
                0x000009a8      0x168 ./Drivers/STM32F1xx_HAL_Driver/Src/stm32f1xx_hal_tim_ex.o
 .debug_aranges
                0x00000b10       0xf8 ./Drivers/STM32F1xx_HAL_Driver/Src/stm32f1xx_ll_usb.o
 .debug_aranges
                0x00000c08       0x90 ./Middlewares/ST/STM32_USB_Device_Library/Class/CDC/Src/usbd_cdc.o
 .debug_aranges
                0x00000c98       0xb8 ./Middlewares/ST/STM32_USB_Device_Library/Core/Src/usbd_core.o
 .debug_aranges
                0x00000d50       0x88 ./Middlewares/ST/STM32_USB_Device_Library/Core/Src/usbd_ctlreq.o
 .debug_aranges
                0x00000dd8       0x50 ./Middlewares/ST/STM32_USB_Device_Library/Core/Src/usbd_ioreq.o
 .debug_aranges
                0x00000e28       0x20 ./USB_DEVICE/App/usb_device.o
 .debug_aranges
                0x00000e48       0x40 ./USB_DEVICE/App/usbd_cdc_if.o
 .debug_aranges
                0x00000e88       0x60 ./USB_DEVICE/App/usbd_desc.o
 .debug_aranges
                0x00000ee8      0x118 ./USB_DEVICE/Target/usbd_conf.o

.debug_rnglists
                0x00000000      0xc20
 .debug_rnglists
                0x00000000       0x5b ./Core/Src/main.o
 .debug_rnglists
                0x0000005b       0x26 ./Core/Src/stm32f1xx_hal_msp.o
 .debug_rnglists
                0x00000081       0x49 ./Core/Src/stm32f1xx_it.o
 .debug_rnglists
                0x000000ca       0x1a ./Core/Src/system_stm32f1xx.o
 .debug_rnglists
                0x000000e4       0x19 ./Core/Startup/startup_stm32f103rctx.o
 .debug_rnglists
                0x000000fd       0xa3 ./Drivers/STM32F1xx_HAL_Driver/Src/stm32f1xx_hal.o
 .debug_rnglists
                0x000001a0       0xbb ./Drivers/STM32F1xx_HAL_Driver/Src/stm32f1xx_hal_cortex.o
 .debug_rnglists
                0x0000025b       0x3f ./Drivers/STM32F1xx_HAL_Driver/Src/stm32f1xx_hal_gpio.o
 .debug_rnglists
                0x0000029a       0xf4 ./Drivers/STM32F1xx_HAL_Driver/Src/stm32f1xx_hal_pcd.o
 .debug_rnglists
                0x0000038e       0x26 ./Drivers/STM32F1xx_HAL_Driver/Src/stm32f1xx_hal_pcd_ex.o
 .debug_rnglists
                0x000003b4       0x6c ./Drivers/STM32F1xx_HAL_Driver/Src/stm32f1xx_hal_rcc.o
 .debug_rnglists
                0x00000420       0x22 ./Drivers/STM32F1xx_HAL_Driver/Src/stm32f1xx_hal_rcc_ex.o
 .debug_rnglists
                0x00000442      0x31a ./Drivers/STM32F1xx_HAL_Driver/Src/stm32f1xx_hal_tim.o
 .debug_rnglists
                0x0000075c      0x125 ./Drivers/STM32F1xx_HAL_Driver/Src/stm32f1xx_hal_tim_ex.o
 .debug_rnglists
                0x00000881       0xbd ./Drivers/STM32F1xx_HAL_Driver/Src/stm32f1xx_ll_usb.o
 .debug_rnglists
                0x0000093e       0x6a ./Middlewares/ST/STM32_USB_Device_Library/Class/CDC/Src/usbd_cdc.o
 .debug_rnglists
                0x000009a8       0x89 ./Middlewares/ST/STM32_USB_Device_Library/Core/Src/usbd_core.o
 .debug_rnglists
                0x00000a31       0x68 ./Middlewares/ST/STM32_USB_Device_Library/Core/Src/usbd_ctlreq.o
 .debug_rnglists
                0x00000a99       0x37 ./Middlewares/ST/STM32_USB_Device_Library/Core/Src/usbd_ioreq.o
 .debug_rnglists
                0x00000ad0       0x13 ./USB_DEVICE/App/usb_device.o
 .debug_rnglists
                0x00000ae3       0x2c ./USB_DEVICE/App/usbd_cdc_if.o
 .debug_rnglists
                0x00000b0f       0x43 ./USB_DEVICE/App/usbd_desc.o
 .debug_rnglists
                0x00000b52       0xce ./USB_DEVICE/Target/usbd_conf.o

.debug_macro    0x00000000    0x1bf67
 .debug_macro   0x00000000      0x380 ./Core/Src/main.o
 .debug_macro   0x00000380      0xacc ./Core/Src/main.o
 .debug_macro   0x00000e4c      0x21b ./Core/Src/main.o
 .debug_macro   0x00001067       0x2e ./Core/Src/main.o
 .debug_macro   0x00001095       0x22 ./Core/Src/main.o
 .debug_macro   0x000010b7       0x22 ./Core/Src/main.o
 .debug_macro   0x000010d9       0x8e ./Core/Src/main.o
 .debug_macro   0x00001167       0x51 ./Core/Src/main.o
 .debug_macro   0x000011b8      0x103 ./Core/Src/main.o
 .debug_macro   0x000012bb       0x6a ./Core/Src/main.o
 .debug_macro   0x00001325      0x1df ./Core/Src/main.o
 .debug_macro   0x00001504       0x1c ./Core/Src/main.o
 .debug_macro   0x00001520       0x22 ./Core/Src/main.o
 .debug_macro   0x00001542       0xbd ./Core/Src/main.o
 .debug_macro   0x000015ff      0xd23 ./Core/Src/main.o
 .debug_macro   0x00002322     0xfd8c ./Core/Src/main.o
 .debug_macro   0x000120ae       0x6d ./Core/Src/main.o
 .debug_macro   0x0001211b     0x34a2 ./Core/Src/main.o
 .debug_macro   0x000155bd      0x190 ./Core/Src/main.o
 .debug_macro   0x0001574d       0x5c ./Core/Src/main.o
 .debug_macro   0x000157a9      0x5bc ./Core/Src/main.o
 .debug_macro   0x00015d65      0x4d5 ./Core/Src/main.o
 .debug_macro   0x0001623a      0x1cb ./Core/Src/main.o
 .debug_macro   0x00016405      0x114 ./Core/Src/main.o
 .debug_macro   0x00016519      0x1ea ./Core/Src/main.o
 .debug_macro   0x00016703       0x27 ./Core/Src/main.o
 .debug_macro   0x0001672a      0x144 ./Core/Src/main.o
 .debug_macro   0x0001686e      0x1bc ./Core/Src/main.o
 .debug_macro   0x00016a2a       0x30 ./Core/Src/main.o
 .debug_macro   0x00016a5a       0x3c ./Core/Src/main.o
 .debug_macro   0x00016a96       0x57 ./Core/Src/main.o
 .debug_macro   0x00016aed       0x87 ./Core/Src/main.o
 .debug_macro   0x00016b74      0x24f ./Core/Src/main.o
 .debug_macro   0x00016dc3      0x140 ./Core/Src/main.o
 .debug_macro   0x00016f03      0x8ed ./Core/Src/main.o
 .debug_macro   0x000177f0       0xb7 ./Core/Src/main.o
 .debug_macro   0x000178a7      0x242 ./Core/Src/main.o
 .debug_macro   0x00017ae9       0xb5 ./Core/Src/main.o
 .debug_macro   0x00017b9e       0x40 ./Core/Src/main.o
 .debug_macro   0x00017bde       0x61 ./Core/Src/main.o
 .debug_macro   0x00017c3f       0x24 ./Core/Src/main.o
 .debug_macro   0x00017c63       0x43 ./Core/Src/main.o
 .debug_macro   0x00017ca6       0x34 ./Core/Src/main.o
 .debug_macro   0x00017cda       0x16 ./Core/Src/main.o
 .debug_macro   0x00017cf0       0x3c ./Core/Src/main.o
 .debug_macro   0x00017d2c      0x370 ./Core/Src/main.o
 .debug_macro   0x0001809c       0x10 ./Core/Src/main.o
 .debug_macro   0x000180ac       0x16 ./Core/Src/main.o
 .debug_macro   0x000180c2       0x4a ./Core/Src/main.o
 .debug_macro   0x0001810c       0x34 ./Core/Src/main.o
 .debug_macro   0x00018140       0x10 ./Core/Src/main.o
 .debug_macro   0x00018150       0x58 ./Core/Src/main.o
 .debug_macro   0x000181a8       0x8e ./Core/Src/main.o
 .debug_macro   0x00018236       0x1c ./Core/Src/main.o
 .debug_macro   0x00018252      0x185 ./Core/Src/main.o
 .debug_macro   0x000183d7       0x16 ./Core/Src/main.o
 .debug_macro   0x000183ed       0x16 ./Core/Src/main.o
 .debug_macro   0x00018403      0x146 ./Core/Src/main.o
 .debug_macro   0x00018549       0x16 ./Core/Src/main.o
 .debug_macro   0x0001855f       0x16 ./Core/Src/main.o
 .debug_macro   0x00018575       0x29 ./Core/Src/main.o
 .debug_macro   0x0001859e       0x16 ./Core/Src/main.o
 .debug_macro   0x000185b4       0x20 ./Core/Src/main.o
 .debug_macro   0x000185d4       0x5f ./Core/Src/main.o
 .debug_macro   0x00018633      0x1c8 ./Core/Src/main.o
 .debug_macro   0x000187fb       0x8f ./Core/Src/main.o
 .debug_macro   0x0001888a       0x10 ./Core/Src/main.o
 .debug_macro   0x0001889a      0x1cc ./Core/Src/stm32f1xx_hal_msp.o
 .debug_macro   0x00018a66      0x1d6 ./Core/Src/stm32f1xx_it.o
 .debug_macro   0x00018c3c      0x1bd ./Core/Src/system_stm32f1xx.o
 .debug_macro   0x00018df9      0x1e1 ./Drivers/STM32F1xx_HAL_Driver/Src/stm32f1xx_hal.o
 .debug_macro   0x00018fda      0x1bd ./Drivers/STM32F1xx_HAL_Driver/Src/stm32f1xx_hal_cortex.o
 .debug_macro   0x00019197      0x228 ./Drivers/STM32F1xx_HAL_Driver/Src/stm32f1xx_hal_gpio.o
 .debug_macro   0x000193bf      0x1c9 ./Drivers/STM32F1xx_HAL_Driver/Src/stm32f1xx_hal_pcd.o
 .debug_macro   0x00019588      0x1bd ./Drivers/STM32F1xx_HAL_Driver/Src/stm32f1xx_hal_pcd_ex.o
 .debug_macro   0x00019745      0x1cf ./Drivers/STM32F1xx_HAL_Driver/Src/stm32f1xx_hal_rcc.o
 .debug_macro   0x00019914      0x1bd ./Drivers/STM32F1xx_HAL_Driver/Src/stm32f1xx_hal_rcc_ex.o
 .debug_macro   0x00019ad1      0x1be ./Drivers/STM32F1xx_HAL_Driver/Src/stm32f1xx_hal_tim.o
 .debug_macro   0x00019c8f      0x1bd ./Drivers/STM32F1xx_HAL_Driver/Src/stm32f1xx_hal_tim_ex.o
 .debug_macro   0x00019e4c      0x1bd ./Drivers/STM32F1xx_HAL_Driver/Src/stm32f1xx_ll_usb.o
 .debug_macro   0x0001a009      0x35b ./Middlewares/ST/STM32_USB_Device_Library/Class/CDC/Src/usbd_cdc.o
 .debug_macro   0x0001a364       0x9e ./Middlewares/ST/STM32_USB_Device_Library/Class/CDC/Src/usbd_cdc.o
 .debug_macro   0x0001a402      0x112 ./Middlewares/ST/STM32_USB_Device_Library/Class/CDC/Src/usbd_cdc.o
 .debug_macro   0x0001a514       0x56 ./Middlewares/ST/STM32_USB_Device_Library/Class/CDC/Src/usbd_cdc.o
 .debug_macro   0x0001a56a      0x342 ./Middlewares/ST/STM32_USB_Device_Library/Core/Src/usbd_core.o
 .debug_macro   0x0001a8ac      0x1ce ./Middlewares/ST/STM32_USB_Device_Library/Core/Src/usbd_core.o
 .debug_macro   0x0001aa7a      0x34c ./Middlewares/ST/STM32_USB_Device_Library/Core/Src/usbd_ctlreq.o
 .debug_macro   0x0001adc6      0x348 ./Middlewares/ST/STM32_USB_Device_Library/Core/Src/usbd_ioreq.o
 .debug_macro   0x0001b10e      0x37b ./USB_DEVICE/App/usb_device.o
 .debug_macro   0x0001b489       0x46 ./USB_DEVICE/App/usb_device.o
 .debug_macro   0x0001b4cf       0x22 ./USB_DEVICE/App/usb_device.o
 .debug_macro   0x0001b4f1       0x16 ./USB_DEVICE/App/usb_device.o
 .debug_macro   0x0001b507      0x366 ./USB_DEVICE/App/usbd_cdc_if.o
 .debug_macro   0x0001b86d      0x37f ./USB_DEVICE/App/usbd_desc.o
 .debug_macro   0x0001bbec       0x1c ./USB_DEVICE/App/usbd_desc.o
 .debug_macro   0x0001bc08      0x35f ./USB_DEVICE/Target/usbd_conf.o

.debug_line     0x00000000    0x13b07
 .debug_line    0x00000000      0xd3d ./Core/Src/main.o
 .debug_line    0x00000d3d      0x7cc ./Core/Src/stm32f1xx_hal_msp.o
 .debug_line    0x00001509      0x7f2 ./Core/Src/stm32f1xx_it.o
 .debug_line    0x00001cfb      0x7aa ./Core/Src/system_stm32f1xx.o
 .debug_line    0x000024a5       0x79 ./Core/Startup/startup_stm32f103rctx.o
 .debug_line    0x0000251e      0x9db ./Drivers/STM32F1xx_HAL_Driver/Src/stm32f1xx_hal.o
 .debug_line    0x00002ef9      0xba5 ./Drivers/STM32F1xx_HAL_Driver/Src/stm32f1xx_hal_cortex.o
 .debug_line    0x00003a9e      0xa60 ./Drivers/STM32F1xx_HAL_Driver/Src/stm32f1xx_hal_gpio.o
 .debug_line    0x000044fe     0x1360 ./Drivers/STM32F1xx_HAL_Driver/Src/stm32f1xx_hal_pcd.o
 .debug_line    0x0000585e      0x7a5 ./Drivers/STM32F1xx_HAL_Driver/Src/stm32f1xx_hal_pcd_ex.o
 .debug_line    0x00006003      0xe94 ./Drivers/STM32F1xx_HAL_Driver/Src/stm32f1xx_hal_rcc.o
 .debug_line    0x00006e97      0x95f ./Drivers/STM32F1xx_HAL_Driver/Src/stm32f1xx_hal_rcc_ex.o
 .debug_line    0x000077f6     0x36f9 ./Drivers/STM32F1xx_HAL_Driver/Src/stm32f1xx_hal_tim.o
 .debug_line    0x0000aeef     0x1905 ./Drivers/STM32F1xx_HAL_Driver/Src/stm32f1xx_hal_tim_ex.o
 .debug_line    0x0000c7f4     0x114b ./Drivers/STM32F1xx_HAL_Driver/Src/stm32f1xx_ll_usb.o
 .debug_line    0x0000d93f      0xd34 ./Middlewares/ST/STM32_USB_Device_Library/Class/CDC/Src/usbd_cdc.o
 .debug_line    0x0000e673      0xd89 ./Middlewares/ST/STM32_USB_Device_Library/Core/Src/usbd_core.o
 .debug_line    0x0000f3fc      0xfd3 ./Middlewares/ST/STM32_USB_Device_Library/Core/Src/usbd_ctlreq.o
 .debug_line    0x000103cf      0xa3f ./Middlewares/ST/STM32_USB_Device_Library/Core/Src/usbd_ioreq.o
 .debug_line    0x00010e0e      0xa0f ./USB_DEVICE/App/usb_device.o
 .debug_line    0x0001181d      0xa47 ./USB_DEVICE/App/usbd_cdc_if.o
 .debug_line    0x00012264      0xab8 ./USB_DEVICE/App/usbd_desc.o
 .debug_line    0x00012d1c      0xdeb ./USB_DEVICE/Target/usbd_conf.o

.debug_str      0x00000000    0x9b153
 .debug_str     0x00000000    0x9b153 ./Core/Src/main.o
                              0x97a77 (size before relaxing)
 .debug_str     0x0009b153    0x92e96 ./Core/Src/stm32f1xx_hal_msp.o
 .debug_str     0x0009b153    0x92d0d ./Core/Src/stm32f1xx_it.o
 .debug_str     0x0009b153    0x92866 ./Core/Src/system_stm32f1xx.o
 .debug_str     0x0009b153       0x69 ./Core/Startup/startup_stm32f103rctx.o
 .debug_str     0x0009b153    0x9307d ./Drivers/STM32F1xx_HAL_Driver/Src/stm32f1xx_hal.o
 .debug_str     0x0009b153    0x92fc9 ./Drivers/STM32F1xx_HAL_Driver/Src/stm32f1xx_hal_cortex.o
 .debug_str     0x0009b153    0x92bec ./Drivers/STM32F1xx_HAL_Driver/Src/stm32f1xx_hal_gpio.o
 .debug_str     0x0009b153    0x93183 ./Drivers/STM32F1xx_HAL_Driver/Src/stm32f1xx_hal_pcd.o
 .debug_str     0x0009b153    0x92ce5 ./Drivers/STM32F1xx_HAL_Driver/Src/stm32f1xx_hal_pcd_ex.o
 .debug_str     0x0009b153    0x92c95 ./Drivers/STM32F1xx_HAL_Driver/Src/stm32f1xx_hal_rcc.o
 .debug_str     0x0009b153    0x92a23 ./Drivers/STM32F1xx_HAL_Driver/Src/stm32f1xx_hal_rcc_ex.o
 .debug_str     0x0009b153    0x93c97 ./Drivers/STM32F1xx_HAL_Driver/Src/stm32f1xx_hal_tim.o
 .debug_str     0x0009b153    0x934a3 ./Drivers/STM32F1xx_HAL_Driver/Src/stm32f1xx_hal_tim_ex.o
 .debug_str     0x0009b153    0x92d37 ./Drivers/STM32F1xx_HAL_Driver/Src/stm32f1xx_ll_usb.o
 .debug_str     0x0009b153    0x978c5 ./Middlewares/ST/STM32_USB_Device_Library/Class/CDC/Src/usbd_cdc.o
 .debug_str     0x0009b153    0x971f5 ./Middlewares/ST/STM32_USB_Device_Library/Core/Src/usbd_core.o
 .debug_str     0x0009b153    0x9710f ./Middlewares/ST/STM32_USB_Device_Library/Core/Src/usbd_ctlreq.o
 .debug_str     0x0009b153    0x9703c ./Middlewares/ST/STM32_USB_Device_Library/Core/Src/usbd_ioreq.o
 .debug_str     0x0009b153    0x973c7 ./USB_DEVICE/App/usb_device.o
 .debug_str     0x0009b153    0x973ed ./USB_DEVICE/App/usbd_cdc_if.o
 .debug_str     0x0009b153    0x96f78 ./USB_DEVICE/App/usbd_desc.o
 .debug_str     0x0009b153    0x97f36 ./USB_DEVICE/Target/usbd_conf.o

.comment        0x00000000       0x43
 .comment       0x00000000       0x43 ./Core/Src/main.o
                                 0x44 (size before relaxing)
 .comment       0x00000043       0x44 ./Core/Src/stm32f1xx_hal_msp.o
 .comment       0x00000043       0x44 ./Core/Src/stm32f1xx_it.o
 .comment       0x00000043       0x44 ./Core/Src/system_stm32f1xx.o
 .comment       0x00000043       0x44 ./Drivers/STM32F1xx_HAL_Driver/Src/stm32f1xx_hal.o
 .comment       0x00000043       0x44 ./Drivers/STM32F1xx_HAL_Driver/Src/stm32f1xx_hal_cortex.o
 .comment       0x00000043       0x44 ./Drivers/STM32F1xx_HAL_Driver/Src/stm32f1xx_hal_gpio.o
 .comment       0x00000043       0x44 ./Drivers/STM32F1xx_HAL_Driver/Src/stm32f1xx_hal_pcd.o
 .comment       0x00000043       0x44 ./Drivers/STM32F1xx_HAL_Driver/Src/stm32f1xx_hal_pcd_ex.o
 .comment       0x00000043       0x44 ./Drivers/STM32F1xx_HAL_Driver/Src/stm32f1xx_hal_rcc.o
 .comment       0x00000043       0x44 ./Drivers/STM32F1xx_HAL_Driver/Src/stm32f1xx_hal_rcc_ex.o
 .comment       0x00000043       0x44 ./Drivers/STM32F1xx_HAL_Driver/Src/stm32f1xx_hal_tim.o
 .comment       0x00000043       0x44 ./Drivers/STM32F1xx_HAL_Driver/Src/stm32f1xx_hal_tim_ex.o
 .comment       0x00000043       0x44 ./Drivers/STM32F1xx_HAL_Driver/Src/stm32f1xx_ll_usb.o
 .comment       0x00000043       0x44 ./Middlewares/ST/STM32_USB_Device_Library/Class/CDC/Src/usbd_cdc.o
 .comment       0x00000043       0x44 ./Middlewares/ST/STM32_USB_Device_Library/Core/Src/usbd_core.o
 .comment       0x00000043       0x44 ./Middlewares/ST/STM32_USB_Device_Library/Core/Src/usbd_ctlreq.o
 .comment       0x00000043       0x44 ./Middlewares/ST/STM32_USB_Device_Library/Core/Src/usbd_ioreq.o
 .comment       0x00000043       0x44 ./USB_DEVICE/App/usb_device.o
 .comment       0x00000043       0x44 ./USB_DEVICE/App/usbd_cdc_if.o
 .comment       0x00000043       0x44 ./USB_DEVICE/App/usbd_desc.o
 .comment       0x00000043       0x44 ./USB_DEVICE/Target/usbd_conf.o

.debug_frame    0x00000000     0x4154
 .debug_frame   0x00000000      0x1a8 ./Core/Src/main.o
 .debug_frame   0x000001a8       0xac ./Core/Src/stm32f1xx_hal_msp.o
 .debug_frame   0x00000254      0x120 ./Core/Src/stm32f1xx_it.o
 .debug_frame   0x00000374       0x58 ./Core/Src/system_stm32f1xx.o
 .debug_frame   0x000003cc      0x334 ./Drivers/STM32F1xx_HAL_Driver/Src/stm32f1xx_hal.o
 .debug_frame   0x00000700      0x428 ./Drivers/STM32F1xx_HAL_Driver/Src/stm32f1xx_hal_cortex.o
 .debug_frame   0x00000b28      0x14c ./Drivers/STM32F1xx_HAL_Driver/Src/stm32f1xx_hal_gpio.o
 .debug_frame   0x00000c74      0x594 ./Drivers/STM32F1xx_HAL_Driver/Src/stm32f1xx_hal_pcd.o
 .debug_frame   0x00001208       0xb0 ./Drivers/STM32F1xx_HAL_Driver/Src/stm32f1xx_hal_pcd_ex.o
 .debug_frame   0x000012b8      0x218 ./Drivers/STM32F1xx_HAL_Driver/Src/stm32f1xx_hal_rcc.o
 .debug_frame   0x000014d0       0x80 ./Drivers/STM32F1xx_HAL_Driver/Src/stm32f1xx_hal_rcc_ex.o
 .debug_frame   0x00001550     0x11b8 ./Drivers/STM32F1xx_HAL_Driver/Src/stm32f1xx_hal_tim.o
 .debug_frame   0x00002708      0x638 ./Drivers/STM32F1xx_HAL_Driver/Src/stm32f1xx_hal_tim_ex.o
 .debug_frame   0x00002d40      0x470 ./Drivers/STM32F1xx_HAL_Driver/Src/stm32f1xx_ll_usb.o
 .debug_frame   0x000031b0      0x248 ./Middlewares/ST/STM32_USB_Device_Library/Class/CDC/Src/usbd_cdc.o
 .debug_frame   0x000033f8      0x300 ./Middlewares/ST/STM32_USB_Device_Library/Core/Src/usbd_core.o
 .debug_frame   0x000036f8      0x218 ./Middlewares/ST/STM32_USB_Device_Library/Core/Src/usbd_ctlreq.o
 .debug_frame   0x00003910      0x10c ./Middlewares/ST/STM32_USB_Device_Library/Core/Src/usbd_ioreq.o
 .debug_frame   0x00003a1c       0x2c ./USB_DEVICE/App/usb_device.o
 .debug_frame   0x00003a48       0xbc ./USB_DEVICE/App/usbd_cdc_if.o
 .debug_frame   0x00003b04      0x160 ./USB_DEVICE/App/usbd_desc.o
 .debug_frame   0x00003c64      0x4a4 ./USB_DEVICE/Target/usbd_conf.o
 .debug_frame   0x00004108       0x20 C:/ST/STM32CubeIDE_1.18.1/STM32CubeIDE/plugins/com.st.stm32cube.ide.mcu.externaltools.gnu-tools-for-stm32.13.3.rel1.win32_1.0.0.202411081344/tools/bin/../lib/gcc/arm-none-eabi/13.3.1/../../../../arm-none-eabi/lib/thumb/v7-m/nofp\libc_nano.a(libc_a-memset.o)
 .debug_frame   0x00004128       0x2c C:/ST/STM32CubeIDE_1.18.1/STM32CubeIDE/plugins/com.st.stm32cube.ide.mcu.externaltools.gnu-tools-for-stm32.13.3.rel1.win32_1.0.0.202411081344/tools/bin/../lib/gcc/arm-none-eabi/13.3.1/../../../../arm-none-eabi/lib/thumb/v7-m/nofp\libc_nano.a(libc_a-init.o)

.debug_line_str
                0x00000000       0x4d
 .debug_line_str
                0x00000000       0x4d ./Core/Startup/startup_stm32f103rctx.o
