../Core/Src/main.c:74:13:Process_USB_Command	104	static
../Core/Src/main.c:98:6:USB_CDC_RxHandler	16	static
../Core/Src/main.c:110:13:Stepper_Enable	8	static
../Core/Src/main.c:123:13:Stepper_Set_Direction	16	static
../Core/Src/main.c:129:13:Stepper_Set_Speed	24	static
../Core/Src/main.c:149:13:Stepper_Start	8	static
../Core/Src/main.c:169:5:main	16	static
../Core/Src/main.c:240:6:SystemClock_Config	96	static
../Core/Src/main.c:287:13:MX_TIM4_Init	64	static
../Core/Src/main.c:346:13:MX_TIM8_Init	96	static
../Core/Src/main.c:429:13:MX_GPIO_Init	40	static
../Core/Src/main.c:475:6:Error_Handler	4	static,ignoring_inline_asm
